Archive member included to satisfy reference by file (symbol)

.\CortexM3\ARM_GCC_541\Debug\Timer sa resetiranjem nakon capture-a.a(Timer_1.o)
                              .\CortexM3\ARM_GCC_541\Debug\main.o (Timer_1_Start)
.\CortexM3\ARM_GCC_541\Debug\Timer sa resetiranjem nakon capture-a.a(TimerISR.o)
                              .\CortexM3\ARM_GCC_541\Debug\main.o (TimerISR_StartEx)
.\CortexM3\ARM_GCC_541\Debug\Timer sa resetiranjem nakon capture-a.a(USBUART.o)
                              .\CortexM3\ARM_GCC_541\Debug\main.o (USBUART_Start)
.\CortexM3\ARM_GCC_541\Debug\Timer sa resetiranjem nakon capture-a.a(USBUART_cdc.o)
                              .\CortexM3\ARM_GCC_541\Debug\main.o (USBUART_PutString)
.\CortexM3\ARM_GCC_541\Debug\Timer sa resetiranjem nakon capture-a.a(USBUART_drv.o)
                              .\CortexM3\ARM_GCC_541\Debug\Timer sa resetiranjem nakon capture-a.a(USBUART.o) (USBUART_EP)
.\CortexM3\ARM_GCC_541\Debug\Timer sa resetiranjem nakon capture-a.a(USBUART_episr.o)
                              .\CortexM3\ARM_GCC_541\Debug\Timer sa resetiranjem nakon capture-a.a(USBUART.o) (USBUART_EP_1_ISR)
.\CortexM3\ARM_GCC_541\Debug\Timer sa resetiranjem nakon capture-a.a(USBUART_pm.o)
                              .\CortexM3\ARM_GCC_541\Debug\Timer sa resetiranjem nakon capture-a.a(USBUART.o) (USBUART_DP_ISR)
.\CortexM3\ARM_GCC_541\Debug\Timer sa resetiranjem nakon capture-a.a(USBUART_std.o)
                              .\CortexM3\ARM_GCC_541\Debug\Timer sa resetiranjem nakon capture-a.a(USBUART_drv.o) (USBUART_HandleStandardRqst)
.\CortexM3\ARM_GCC_541\Debug\Timer sa resetiranjem nakon capture-a.a(USBUART_vnd.o)
                              .\CortexM3\ARM_GCC_541\Debug\Timer sa resetiranjem nakon capture-a.a(USBUART_drv.o) (USBUART_HandleVendorRqst)
.\CortexM3\ARM_GCC_541\Debug\Timer sa resetiranjem nakon capture-a.a(USBUART_Dp.o)
                              .\CortexM3\ARM_GCC_541\Debug\Timer sa resetiranjem nakon capture-a.a(USBUART.o) (USBUART_Dp_ClearInterrupt)
.\CortexM3\ARM_GCC_541\Debug\Timer sa resetiranjem nakon capture-a.a(CyLib.o)
                              .\CortexM3\ARM_GCC_541\Debug\Cm3Start.o (CyResetStatus)
.\CortexM3\ARM_GCC_541\Debug\Timer sa resetiranjem nakon capture-a.a(cyPm.o)
                              .\CortexM3\ARM_GCC_541\Debug\Timer sa resetiranjem nakon capture-a.a(CyLib.o) (CyPmReadStatus)
.\CortexM3\ARM_GCC_541\Debug\Timer sa resetiranjem nakon capture-a.a(CyBootAsmGnu.o)
                              .\CortexM3\ARM_GCC_541\Debug\cyfitter_cfg.o (CyDelayCycles)
.\CortexM3\ARM_GCC_541\Debug\Timer sa resetiranjem nakon capture-a.a(USBUART_cls.o)
                              .\CortexM3\ARM_GCC_541\Debug\Timer sa resetiranjem nakon capture-a.a(USBUART_drv.o) (USBUART_DispatchClassRqst)
.\CortexM3\ARM_GCC_541\Debug\Timer sa resetiranjem nakon capture-a.a(USBUART_descr.o)
                              .\CortexM3\ARM_GCC_541\Debug\Timer sa resetiranjem nakon capture-a.a(USBUART_std.o) (USBUART_DEVICE0_DESCR)
.\CortexM3\ARM_GCC_541\Debug\Timer sa resetiranjem nakon capture-a.a(CyFlash.o)
                              .\CortexM3\ARM_GCC_541\Debug\Timer sa resetiranjem nakon capture-a.a(cyPm.o) (CyFlash_SetWaitCycles)
.\CortexM3\ARM_GCC_541\Debug\Timer sa resetiranjem nakon capture-a.a(CySpc.o)
                              .\CortexM3\ARM_GCC_541\Debug\Timer sa resetiranjem nakon capture-a.a(CyFlash.o) (CySpcStart)
c:/program files (x86)/cypress/psoc creator/4.2/psoc creator/import/gnu/arm/5.4.1/bin/../lib/gcc/arm-none-eabi/5.4.1/../../../../arm-none-eabi/lib/armv7-m\libg_nano.a(lib_a-errno.o)
                              .\CortexM3\ARM_GCC_541\Debug\Cm3Start.o (__errno)
c:/program files (x86)/cypress/psoc creator/4.2/psoc creator/import/gnu/arm/5.4.1/bin/../lib/gcc/arm-none-eabi/5.4.1/../../../../arm-none-eabi/lib/armv7-m\libg_nano.a(lib_a-exit.o)
                              c:/program files (x86)/cypress/psoc creator/4.2/psoc creator/import/gnu/arm/5.4.1/bin/../lib/gcc/arm-none-eabi/5.4.1/../../../../arm-none-eabi/lib/armv7-m/crt0.o (exit)
c:/program files (x86)/cypress/psoc creator/4.2/psoc creator/import/gnu/arm/5.4.1/bin/../lib/gcc/arm-none-eabi/5.4.1/../../../../arm-none-eabi/lib/armv7-m\libg_nano.a(lib_a-impure.o)
                              c:/program files (x86)/cypress/psoc creator/4.2/psoc creator/import/gnu/arm/5.4.1/bin/../lib/gcc/arm-none-eabi/5.4.1/../../../../arm-none-eabi/lib/armv7-m\libg_nano.a(lib_a-exit.o) (_global_impure_ptr)
c:/program files (x86)/cypress/psoc creator/4.2/psoc creator/import/gnu/arm/5.4.1/bin/../lib/gcc/arm-none-eabi/5.4.1/../../../../arm-none-eabi/lib/armv7-m\libg_nano.a(lib_a-init.o)
                              c:/program files (x86)/cypress/psoc creator/4.2/psoc creator/import/gnu/arm/5.4.1/bin/../lib/gcc/arm-none-eabi/5.4.1/../../../../arm-none-eabi/lib/armv7-m/crt0.o (__libc_init_array)
[...]
Memory Configuration

Name             Origin             Length             Attributes
rom              0x00000000         0x00040000         xr
ram              0x1fff8000         0x00010000         xrw
*default*        0x00000000         0xffffffff

Linker script and memory map

LOAD c:/program files (x86)/cypress/psoc creator/4.2/psoc creator/import/gnu/arm/5.4.1/bin/../lib/gcc/arm-none-eabi/5.4.1/armv7-m/crti.o
LOAD c:/program files (x86)/cypress/psoc creator/4.2/psoc creator/import/gnu/arm/5.4.1/bin/../lib/gcc/arm-none-eabi/5.4.1/armv7-m/crtbegin.o
LOAD c:/program files (x86)/cypress/psoc creator/4.2/psoc creator/import/gnu/arm/5.4.1/bin/../lib/gcc/arm-none-eabi/5.4.1/../../../../arm-none-eabi/lib/armv7-m/crt0.o
START GROUP
LOAD .\CortexM3\ARM_GCC_541\Debug\main.o
LOAD .\CortexM3\ARM_GCC_541\Debug\cyfitter_cfg.o
LOAD .\CortexM3\ARM_GCC_541\Debug\cymetadata.o
LOAD .\CortexM3\ARM_GCC_541\Debug\Cm3Start.o
LOAD .\CortexM3\ARM_GCC_541\Debug\Timer sa resetiranjem nakon capture-a.a
LOAD C:\Program Files (x86)\Cypress\PSoC Creator\4.2\PSoC Creator\psoc\content\cycomponentlibrary\CyComponentLibrary.cylib\CortexM3\ARM_GCC_541\Debug\CyComponentLibrary.a
END GROUP
START GROUP
LOAD c:/program files (x86)/cypress/psoc creator/4.2/psoc creator/import/gnu/arm/5.4.1/bin/../lib/gcc/arm-none-eabi/5.4.1/armv7-m\libgcc.a
LOAD c:/program files (x86)/cypress/psoc creator/4.2/psoc creator/import/gnu/arm/5.4.1/bin/../lib/gcc/arm-none-eabi/5.4.1/../../../../arm-none-eabi/lib/armv7-m\libg_nano.a
LOAD c:/program files (x86)/cypress/psoc creator/4.2/psoc creator/import/gnu/arm/5.4.1/bin/../lib/gcc/arm-none-eabi/5.4.1/../../../../arm-none-eabi/lib/armv7-m\libc_nano.a
END GROUP
START GROUP
LOAD c:/program files (x86)/cypress/psoc creator/4.2/psoc creator/import/gnu/arm/5.4.1/bin/../lib/gcc/arm-none-eabi/5.4.1/armv7-m\libgcc.a
LOAD c:/program files (x86)/cypress/psoc creator/4.2/psoc creator/import/gnu/arm/5.4.1/bin/../lib/gcc/arm-none-eabi/5.4.1/../../../../arm-none-eabi/lib/armv7-m\libc_nano.a
END GROUP
LOAD c:/program files (x86)/cypress/psoc creator/4.2/psoc creator/import/gnu/arm/5.4.1/bin/../lib/gcc/arm-none-eabi/5.4.1/armv7-m/crtend.o
LOAD c:/program files (x86)/cypress/psoc creator/4.2/psoc creator/import/gnu/arm/5.4.1/bin/../lib/gcc/arm-none-eabi/5.4.1/armv7-m/crtn.o
START GROUP
LOAD c:/program files (x86)/cypress/psoc creator/4.2/psoc creator/import/gnu/arm/5.4.1/bin/../lib/gcc/arm-none-eabi/5.4.1/armv7-m\libgcc.a
LOAD c:/program files (x86)/cypress/psoc creator/4.2/psoc creator/import/gnu/arm/5.4.1/bin/../lib/gcc/arm-none-eabi/5.4.1/../../../../arm-none-eabi/lib/armv7-m\libc.a
LOAD c:/program files (x86)/cypress/psoc creator/4.2/psoc creator/import/gnu/arm/5.4.1/bin/../lib/gcc/arm-none-eabi/5.4.1/../../../../arm-none-eabi/lib/armv7-m\libnosys.a
END GROUP
                0x00000000                CY_APPL_ORIGIN = 0x0
                0x00000100                CY_FLASH_ROW_SIZE = 0x100
                0x00000020                CY_ECC_ROW_SIZE = 0x20
                0x00000000                CY_EE_IN_BTLDR = 0x0
                0x00000000                CY_APPL_LOADABLE = 0x0
                0x00000800                CY_EE_SIZE = 0x800
                0x00000001                CY_APPL_NUM = 0x1
                0x00000001                CY_APPL_MAX = 0x1
                0x00000040                CY_METADATA_SIZE = 0x40
                0x00000000                CY_APPL_LOADABLE = 0x0
                0x00000000                CY_CHECKSUM_EXCLUDE_SIZE = ALIGN (0x0, CY_FLASH_ROW_SIZE)
                [!provide]                PROVIDE (__cy_heap_start, _end)
                0x00000001                PROVIDE (__cy_region_num, ((__cy_regions_end - __cy_regions) / 0x10))
                0x20008000                PROVIDE (__cy_stack, (ORIGIN (ram) + LENGTH (ram)))
                [!provide]                PROVIDE (__cy_heap_end, (__cy_stack - 0x800))

.cybootloader   0x00000000        0x0
 *(.cybootloader)
                0x00000000                appl1_start = CY_APPL_ORIGIN?CY_APPL_ORIGIN:ALIGN (CY_FLASH_ROW_SIZE)
                0x0001ff00                appl2_start = (appl1_start + ALIGN ((((LENGTH (rom) - appl1_start) - (0x2 * CY_FLASH_ROW_SIZE)) / 0x2), CY_FLASH_ROW_SIZE))
                0x00000000                appl_start = (CY_APPL_NUM == 0x1)?appl1_start:appl2_start
                0x00000000                ecc_offset = ((appl_start / CY_FLASH_ROW_SIZE) * CY_ECC_ROW_SIZE)
                0x00000000                ee_offset = (CY_APPL_LOADABLE && ! (CY_EE_IN_BTLDR))?((CY_EE_SIZE / CY_APPL_MAX) * (CY_APPL_NUM - 0x1)):0x0
                0x00000800                ee_size = (CY_APPL_LOADABLE && ! (CY_EE_IN_BTLDR))?(CY_EE_SIZE / CY_APPL_MAX):CY_EE_SIZE
                [!provide]                PROVIDE (CY_ECC_OFFSET, ecc_offset)

.text           0x00000000     0x3330
 CREATE_OBJECT_SYMBOLS
                0x00000000                PROVIDE (__cy_interrupt_vector, RomVectors)
 *(.romvectors)
 .romvectors    0x00000000       0x10 .\CortexM3\ARM_GCC_541\Debug\Cm3Start.o
                0x00000000                RomVectors
                0x00000001                ASSERT ((. != __cy_interrupt_vector), No interrupt vector)
                0x00000001                ASSERT (CY_APPL_ORIGIN?(SIZEOF (.cybootloader) <= CY_APPL_ORIGIN):0x1, Wrong image location)
                0x00000010                PROVIDE (__cy_reset, Reset)
 *(.text.Reset)
 .text.Reset    0x00000010       0x18 .\CortexM3\ARM_GCC_541\Debug\Cm3Start.o
                0x00000010                Reset
                0x00000001                ASSERT ((. != __cy_reset), No reset code)
 *(.dma_init)
                0x00000001                ASSERT ((((appl_start + .) <= 0x10000) || 0x1), DMA Init must be within the first 64k of flash)
 *(.text .text.* .gnu.linkonce.t.*)
 .text          0x00000028       0x5c c:/program files (x86)/cypress/psoc creator/4.2/psoc creator/import/gnu/arm/5.4.1/bin/../lib/gcc/arm-none-eabi/5.4.1/armv7-m/crtbegin.o
 .text.InterruptHandler
                0x00000084       0x54 .\CortexM3\ARM_GCC_541\Debug\main.o
                0x00000084                InterruptHandler
 .text.main     0x000000d8       0xe4 .\CortexM3\ARM_GCC_541\Debug\main.o
                0x000000d8                main
 .text.CYMEMZERO
                0x000001bc       0x1c .\CortexM3\ARM_GCC_541\Debug\cyfitter_cfg.o
 .text.CYCONFIGCPY
                0x000001d8       0x20 .\CortexM3\ARM_GCC_541\Debug\cyfitter_cfg.o
 .text.CYCONFIGCPYCODE
                0x000001f8       0x20 .\CortexM3\ARM_GCC_541\Debug\cyfitter_cfg.o
 .text.CyClockStartupError
                0x00000218        0xc .\CortexM3\ARM_GCC_541\Debug\cyfitter_cfg.o
 .text.cfg_write_bytes32
                0x00000224       0x74 .\CortexM3\ARM_GCC_541\Debug\cyfitter_cfg.o
 .text.ClockSetup
                0x00000298      0x118 .\CortexM3\ARM_GCC_541\Debug\cyfitter_cfg.o
 .text.AnalogSetDefault
                0x000003b0       0x44 .\CortexM3\ARM_GCC_541\Debug\cyfitter_cfg.o
 .text.cyfitter_cfg
                0x000003f4      0x13c .\CortexM3\ARM_GCC_541\Debug\cyfitter_cfg.o
                0x000003f4                cyfitter_cfg
 .text.IntDefaultHandler
                0x00000530       0x14 .\CortexM3\ARM_GCC_541\Debug\Cm3Start.o
                0x00000530                IntDefaultHandler
 .text._sbrk    0x00000544       0x50 .\CortexM3\ARM_GCC_541\Debug\Cm3Start.o
                0x00000544                _sbrk
 .text.Start_c  0x00000594       0x98 .\CortexM3\ARM_GCC_541\Debug\Cm3Start.o
                0x00000594                Start_c
 .text.initialize_psoc
                0x0000062c       0x90 .\CortexM3\ARM_GCC_541\Debug\Cm3Start.o
                0x0000062c                initialize_psoc
 .text.Timer_1_Init
                0x000006bc       0x50 .\CortexM3\ARM_GCC_541\Debug\Timer sa resetiranjem nakon capture-a.a(Timer_1.o)
                0x000006bc                Timer_1_Init
 .text.Timer_1_Enable
                0x0000070c       0x20 .\CortexM3\ARM_GCC_541\Debug\Timer sa resetiranjem nakon capture-a.a(Timer_1.o)
                0x0000070c                Timer_1_Enable
 .text.Timer_1_Start
                0x0000072c       0x24 .\CortexM3\ARM_GCC_541\Debug\Timer sa resetiranjem nakon capture-a.a(Timer_1.o)
                0x0000072c                Timer_1_Start
 .text.Timer_1_SetInterruptMode
                0x00000750       0x20 .\CortexM3\ARM_GCC_541\Debug\Timer sa resetiranjem nakon capture-a.a(Timer_1.o)
                0x00000750                Timer_1_SetInterruptMode
 .text.Timer_1_ReadStatusRegister
                0x00000770       0x18 .\CortexM3\ARM_GCC_541\Debug\Timer sa resetiranjem nakon capture-a.a(Timer_1.o)
                0x00000770                Timer_1_ReadStatusRegister
 .text.Timer_1_ReadPeriod
                0x00000788       0x14 .\CortexM3\ARM_GCC_541\Debug\Timer sa resetiranjem nakon capture-a.a(Timer_1.o)
                0x00000788                Timer_1_ReadPeriod
 .text.Timer_1_WritePeriod
                0x0000079c       0x1c .\CortexM3\ARM_GCC_541\Debug\Timer sa resetiranjem nakon capture-a.a(Timer_1.o)
                0x0000079c                Timer_1_WritePeriod
 .text.Timer_1_ReadCapture
                0x000007b8       0x14 .\CortexM3\ARM_GCC_541\Debug\Timer sa resetiranjem nakon capture-a.a(Timer_1.o)
                0x000007b8                Timer_1_ReadCapture
 .text.Timer_1_WriteCounter
                0x000007cc       0x1c .\CortexM3\ARM_GCC_541\Debug\Timer sa resetiranjem nakon capture-a.a(Timer_1.o)
                0x000007cc                Timer_1_WriteCounter
 .text.Timer_1_EnableTrigger
                0x000007e8       0x20 .\CortexM3\ARM_GCC_541\Debug\Timer sa resetiranjem nakon capture-a.a(Timer_1.o)
                0x000007e8                Timer_1_EnableTrigger
 .text.Timer_1_ClearFIFO
                0x00000808       0x1c .\CortexM3\ARM_GCC_541\Debug\Timer sa resetiranjem nakon capture-a.a(Timer_1.o)
                0x00000808                Timer_1_ClearFIFO
 .text.TimerISR_StartEx
                0x00000824       0x24 .\CortexM3\ARM_GCC_541\Debug\Timer sa resetiranjem nakon capture-a.a(TimerISR.o)
                0x00000824                TimerISR_StartEx
 .text.TimerISR_SetVector
                0x00000848       0x24 .\CortexM3\ARM_GCC_541\Debug\Timer sa resetiranjem nakon capture-a.a(TimerISR.o)
                0x00000848                TimerISR_SetVector
 .text.TimerISR_SetPriority
                0x0000086c       0x24 .\CortexM3\ARM_GCC_541\Debug\Timer sa resetiranjem nakon capture-a.a(TimerISR.o)
                0x0000086c                TimerISR_SetPriority
 .text.TimerISR_Enable
                0x00000890       0x18 .\CortexM3\ARM_GCC_541\Debug\Timer sa resetiranjem nakon capture-a.a(TimerISR.o)
                0x00000890                TimerISR_Enable
 .text.TimerISR_Disable
                0x000008a8       0x18 .\CortexM3\ARM_GCC_541\Debug\Timer sa resetiranjem nakon capture-a.a(TimerISR.o)
                0x000008a8                TimerISR_Disable
 .text.USBUART_Start
                0x000008c0       0x3c .\CortexM3\ARM_GCC_541\Debug\Timer sa resetiranjem nakon capture-a.a(USBUART.o)
                0x000008c0                USBUART_Start
 .text.USBUART_Init
                0x000008fc      0x1a4 .\CortexM3\ARM_GCC_541\Debug\Timer sa resetiranjem nakon capture-a.a(USBUART.o)
                0x000008fc                USBUART_Init
 .text.USBUART_InitComponent
                0x00000aa0      0x100 .\CortexM3\ARM_GCC_541\Debug\Timer sa resetiranjem nakon capture-a.a(USBUART.o)
                0x00000aa0                USBUART_InitComponent
 .text.USBUART_ReInitComponent
                0x00000ba0       0x68 .\CortexM3\ARM_GCC_541\Debug\Timer sa resetiranjem nakon capture-a.a(USBUART.o)
                0x00000ba0                USBUART_ReInitComponent
 .text.USBUART_GetConfiguration
                0x00000c08       0x18 .\CortexM3\ARM_GCC_541\Debug\Timer sa resetiranjem nakon capture-a.a(USBUART.o)
                0x00000c08                USBUART_GetConfiguration
 .text.USBUART_LoadInEP
                0x00000c20      0x108 .\CortexM3\ARM_GCC_541\Debug\Timer sa resetiranjem nakon capture-a.a(USBUART.o)
                0x00000c20                USBUART_LoadInEP
 .text.USBUART_DispatchCDCClassRqst
                0x00000d28       0xe4 .\CortexM3\ARM_GCC_541\Debug\Timer sa resetiranjem nakon capture-a.a(USBUART_cdc.o)
                0x00000d28                USBUART_DispatchCDCClassRqst
 .text.USBUART_GetInterfaceComPort
                0x00000e0c       0x60 .\CortexM3\ARM_GCC_541\Debug\Timer sa resetiranjem nakon capture-a.a(USBUART_cdc.o)
                0x00000e0c                USBUART_GetInterfaceComPort
 .text.USBUART_StrLen
                0x00000e6c       0x2c .\CortexM3\ARM_GCC_541\Debug\Timer sa resetiranjem nakon capture-a.a(USBUART_cdc.o)
 .text.USBUART_PutString
                0x00000e98       0xdc .\CortexM3\ARM_GCC_541\Debug\Timer sa resetiranjem nakon capture-a.a(USBUART_cdc.o)
                0x00000e98                USBUART_PutString
 .text.USBUART_Cdc_EpInit
                0x00000f74       0x90 .\CortexM3\ARM_GCC_541\Debug\Timer sa resetiranjem nakon capture-a.a(USBUART_cdc.o)
                0x00000f74                USBUART_Cdc_EpInit
 .text.USBUART_EP_0_ISR
                0x00001004       0xf8 .\CortexM3\ARM_GCC_541\Debug\Timer sa resetiranjem nakon capture-a.a(USBUART_drv.o)
                0x00001004                USBUART_EP_0_ISR
 .text.USBUART_HandleSetup
                0x000010fc       0x88 .\CortexM3\ARM_GCC_541\Debug\Timer sa resetiranjem nakon capture-a.a(USBUART_drv.o)
                0x000010fc                USBUART_HandleSetup
 .text.USBUART_HandleIN
                0x00001184       0x4c .\CortexM3\ARM_GCC_541\Debug\Timer sa resetiranjem nakon capture-a.a(USBUART_drv.o)
                0x00001184                USBUART_HandleIN
 .text.USBUART_HandleOUT
                0x000011d0       0x58 .\CortexM3\ARM_GCC_541\Debug\Timer sa resetiranjem nakon capture-a.a(USBUART_drv.o)
                0x000011d0                USBUART_HandleOUT
 .text.USBUART_LoadEP0
                0x00001228       0xd0 .\CortexM3\ARM_GCC_541\Debug\Timer sa resetiranjem nakon capture-a.a(USBUART_drv.o)
                0x00001228                USBUART_LoadEP0
 .text.USBUART_InitControlRead
                0x000012f8       0x70 .\CortexM3\ARM_GCC_541\Debug\Timer sa resetiranjem nakon capture-a.a(USBUART_drv.o)
                0x000012f8                USBUART_InitControlRead
 .text.USBUART_InitZeroLengthControlTransfer
                0x00001368       0x40 .\CortexM3\ARM_GCC_541\Debug\Timer sa resetiranjem nakon capture-a.a(USBUART_drv.o)
                0x00001368                USBUART_InitZeroLengthControlTransfer
 .text.USBUART_ControlReadDataStage
                0x000013a8        0xc .\CortexM3\ARM_GCC_541\Debug\Timer sa resetiranjem nakon capture-a.a(USBUART_drv.o)
                0x000013a8                USBUART_ControlReadDataStage
 .text.USBUART_ControlReadStatusStage
                0x000013b4       0x40 .\CortexM3\ARM_GCC_541\Debug\Timer sa resetiranjem nakon capture-a.a(USBUART_drv.o)
                0x000013b4                USBUART_ControlReadStatusStage
 .text.USBUART_InitControlWrite
                0x000013f4       0x64 .\CortexM3\ARM_GCC_541\Debug\Timer sa resetiranjem nakon capture-a.a(USBUART_drv.o)
                0x000013f4                USBUART_InitControlWrite
 .text.USBUART_ControlWriteDataStage
                0x00001458       0xb4 .\CortexM3\ARM_GCC_541\Debug\Timer sa resetiranjem nakon capture-a.a(USBUART_drv.o)
                0x00001458                USBUART_ControlWriteDataStage
 .text.USBUART_ControlWriteStatusStage
                0x0000150c       0x24 .\CortexM3\ARM_GCC_541\Debug\Timer sa resetiranjem nakon capture-a.a(USBUART_drv.o)
                0x0000150c                USBUART_ControlWriteStatusStage
 .text.USBUART_InitNoDataControlTransfer
                0x00001530       0x38 .\CortexM3\ARM_GCC_541\Debug\Timer sa resetiranjem nakon capture-a.a(USBUART_drv.o)
                0x00001530                USBUART_InitNoDataControlTransfer
 .text.USBUART_NoDataControlStatusStage
                0x00001568       0x4c .\CortexM3\ARM_GCC_541\Debug\Timer sa resetiranjem nakon capture-a.a(USBUART_drv.o)
                0x00001568                USBUART_NoDataControlStatusStage
 .text.USBUART_UpdateStatusBlock
                0x000015b4       0x40 .\CortexM3\ARM_GCC_541\Debug\Timer sa resetiranjem nakon capture-a.a(USBUART_drv.o)
                0x000015b4                USBUART_UpdateStatusBlock
 .text.USBUART_InitializeStatusBlock
                0x000015f4       0x34 .\CortexM3\ARM_GCC_541\Debug\Timer sa resetiranjem nakon capture-a.a(USBUART_drv.o)
                0x000015f4                USBUART_InitializeStatusBlock
 .text.USBUART_EP_1_ISR
                0x00001628       0x48 .\CortexM3\ARM_GCC_541\Debug\Timer sa resetiranjem nakon capture-a.a(USBUART_episr.o)
                0x00001628                USBUART_EP_1_ISR
 .text.USBUART_EP_2_ISR
                0x00001670       0x4c .\CortexM3\ARM_GCC_541\Debug\Timer sa resetiranjem nakon capture-a.a(USBUART_episr.o)
                0x00001670                USBUART_EP_2_ISR
 .text.USBUART_EP_3_ISR
                0x000016bc       0x54 .\CortexM3\ARM_GCC_541\Debug\Timer sa resetiranjem nakon capture-a.a(USBUART_episr.o)
                0x000016bc                USBUART_EP_3_ISR
 .text.USBUART_SOF_ISR
                0x00001710        0xc .\CortexM3\ARM_GCC_541\Debug\Timer sa resetiranjem nakon capture-a.a(USBUART_episr.o)
                0x00001710                USBUART_SOF_ISR
 .text.USBUART_BUS_RESET_ISR
                0x0000171c        0xc .\CortexM3\ARM_GCC_541\Debug\Timer sa resetiranjem nakon capture-a.a(USBUART_episr.o)
                0x0000171c                USBUART_BUS_RESET_ISR
 .text.USBUART_DP_ISR
                0x00001728        0xc .\CortexM3\ARM_GCC_541\Debug\Timer sa resetiranjem nakon capture-a.a(USBUART_pm.o)
                0x00001728                USBUART_DP_ISR
 .text.USBUART_HandleStandardRqst
                0x00001734      0x494 .\CortexM3\ARM_GCC_541\Debug\Timer sa resetiranjem nakon capture-a.a(USBUART_std.o)
                0x00001734                USBUART_HandleStandardRqst
 .text.USBUART_ReadDieID
                0x00001bc8       0xd8 .\CortexM3\ARM_GCC_541\Debug\Timer sa resetiranjem nakon capture-a.a(USBUART_std.o)
                0x00001bc8                USBUART_ReadDieID
 .text.USBUART_ConfigReg
                0x00001ca0      0x138 .\CortexM3\ARM_GCC_541\Debug\Timer sa resetiranjem nakon capture-a.a(USBUART_std.o)
                0x00001ca0                USBUART_ConfigReg
 .text.USBUART_Config
                0x00001dd8      0x3b4 .\CortexM3\ARM_GCC_541\Debug\Timer sa resetiranjem nakon capture-a.a(USBUART_std.o)
                0x00001dd8                USBUART_Config
 .text.USBUART_ConfigAltChanged
                0x0000218c      0x25c .\CortexM3\ARM_GCC_541\Debug\Timer sa resetiranjem nakon capture-a.a(USBUART_std.o)
                0x0000218c                USBUART_ConfigAltChanged
 .text.USBUART_GetConfigTablePtr
                0x000023e8       0x50 .\CortexM3\ARM_GCC_541\Debug\Timer sa resetiranjem nakon capture-a.a(USBUART_std.o)
                0x000023e8                USBUART_GetConfigTablePtr
 .text.USBUART_GetDeviceTablePtr
                0x00002438       0x24 .\CortexM3\ARM_GCC_541\Debug\Timer sa resetiranjem nakon capture-a.a(USBUART_std.o)
                0x00002438                USBUART_GetDeviceTablePtr
 .text.USBUART_GetInterfaceClassTablePtr
                0x0000245c       0x4c .\CortexM3\ARM_GCC_541\Debug\Timer sa resetiranjem nakon capture-a.a(USBUART_std.o)
                0x0000245c                USBUART_GetInterfaceClassTablePtr
 .text.USBUART_SetEndpointHalt
                0x000024a8       0xe8 .\CortexM3\ARM_GCC_541\Debug\Timer sa resetiranjem nakon capture-a.a(USBUART_std.o)
                0x000024a8                USBUART_SetEndpointHalt
 .text.USBUART_ClearEndpointHalt
                0x00002590      0x158 .\CortexM3\ARM_GCC_541\Debug\Timer sa resetiranjem nakon capture-a.a(USBUART_std.o)
                0x00002590                USBUART_ClearEndpointHalt
 .text.USBUART_ValidateAlternateSetting
                0x000026e8       0x70 .\CortexM3\ARM_GCC_541\Debug\Timer sa resetiranjem nakon capture-a.a(USBUART_std.o)
                0x000026e8                USBUART_ValidateAlternateSetting
 .text.USBUART_HandleVendorRqst
                0x00002758       0x34 .\CortexM3\ARM_GCC_541\Debug\Timer sa resetiranjem nakon capture-a.a(USBUART_vnd.o)
                0x00002758                USBUART_HandleVendorRqst
 .text.USBUART_Dp_ClearInterrupt
                0x0000278c       0x20 .\CortexM3\ARM_GCC_541\Debug\Timer sa resetiranjem nakon capture-a.a(USBUART_Dp.o)
                0x0000278c                USBUART_Dp_ClearInterrupt
 .text.CyHalt   0x000027ac       0x18 .\CortexM3\ARM_GCC_541\Debug\Timer sa resetiranjem nakon capture-a.a(CyLib.o)
                0x000027ac                CyHalt
 .text.CyDelay  0x000027c4       0x44 .\CortexM3\ARM_GCC_541\Debug\Timer sa resetiranjem nakon capture-a.a(CyLib.o)
                0x000027c4                CyDelay
 .text.CyDelayUs
                0x00002808       0x28 .\CortexM3\ARM_GCC_541\Debug\Timer sa resetiranjem nakon capture-a.a(CyLib.o)
                0x00002808                CyDelayUs
 .text.CyIntSetVector
                0x00002830       0x50 .\CortexM3\ARM_GCC_541\Debug\Timer sa resetiranjem nakon capture-a.a(CyLib.o)
                0x00002830                CyIntSetVector
 .text.CyIntSetPriority
                0x00002880       0x48 .\CortexM3\ARM_GCC_541\Debug\Timer sa resetiranjem nakon capture-a.a(CyLib.o)
                0x00002880                CyIntSetPriority
 .text.CyGetUniqueId
                0x000028c8       0xc4 .\CortexM3\ARM_GCC_541\Debug\Timer sa resetiranjem nakon capture-a.a(CyLib.o)
                0x000028c8                CyGetUniqueId
 *fill*         0x0000298c        0x4 
 .text          0x00002990       0x54 .\CortexM3\ARM_GCC_541\Debug\Timer sa resetiranjem nakon capture-a.a(CyBootAsmGnu.o)
                0x00002990                CyDelayCycles
                0x000029ce                CyEnterCriticalSection
                0x000029d6                CyExitCriticalSection
 .text.USBUART_DispatchClassRqst
                0x000029e4       0x84 .\CortexM3\ARM_GCC_541\Debug\Timer sa resetiranjem nakon capture-a.a(USBUART_cls.o)
                0x000029e4                USBUART_DispatchClassRqst
 .text.__errno  0x00002a68        0xc c:/program files (x86)/cypress/psoc creator/4.2/psoc creator/import/gnu/arm/5.4.1/bin/../lib/gcc/arm-none-eabi/5.4.1/../../../../arm-none-eabi/lib/armv7-m\libg_nano.a(lib_a-errno.o)
                0x00002a68                __errno
 .text.__libc_init_array
                0x00002a74       0x4c c:/program files (x86)/cypress/psoc creator/4.2/psoc creator/import/gnu/arm/5.4.1/bin/../lib/gcc/arm-none-eabi/5.4.1/../../../../arm-none-eabi/lib/armv7-m\libg_nano.a(lib_a-init.o)
                0x00002a74                __libc_init_array
 .text.memcpy   0x00002ac0       0x16 c:/program files (x86)/cypress/psoc creator/4.2/psoc creator/import/gnu/arm/5.4.1/bin/../lib/gcc/arm-none-eabi/5.4.1/../../../../arm-none-eabi/lib/armv7-m\libg_nano.a(lib_a-memcpy-stub.o)
                0x00002ac0                memcpy
 .text.memset   0x00002ad6       0x10 c:/program files (x86)/cypress/psoc creator/4.2/psoc creator/import/gnu/arm/5.4.1/bin/../lib/gcc/arm-none-eabi/5.4.1/../../../../arm-none-eabi/lib/armv7-m\libg_nano.a(lib_a-memset.o)
                0x00002ad6                memset
 *fill*         0x00002ae6        0x2 
 .text.sprintf  0x00002ae8       0x48 c:/program files (x86)/cypress/psoc creator/4.2/psoc creator/import/gnu/arm/5.4.1/bin/../lib/gcc/arm-none-eabi/5.4.1/../../../../arm-none-eabi/lib/armv7-m\libg_nano.a(lib_a-sprintf.o)
                0x00002ae8                siprintf
                0x00002ae8                sprintf
 .text.__ssputs_r
                0x00002b30       0xb2 c:/program files (x86)/cypress/psoc creator/4.2/psoc creator/import/gnu/arm/5.4.1/bin/../lib/gcc/arm-none-eabi/5.4.1/../../../../arm-none-eabi/lib/armv7-m\libg_nano.a(lib_a-nano-svfprintf.o)
                0x00002b30                __ssputs_r
 *fill*         0x00002be2        0x2 
 .text._svfprintf_r
                0x00002be4      0x1e8 c:/program files (x86)/cypress/psoc creator/4.2/psoc creator/import/gnu/arm/5.4.1/bin/../lib/gcc/arm-none-eabi/5.4.1/../../../../arm-none-eabi/lib/armv7-m\libg_nano.a(lib_a-nano-svfprintf.o)
                0x00002be4                _svfiprintf_r
                0x00002be4                _svfprintf_r
 .text._printf_common
                0x00002dcc       0xec c:/program files (x86)/cypress/psoc creator/4.2/psoc creator/import/gnu/arm/5.4.1/bin/../lib/gcc/arm-none-eabi/5.4.1/../../../../arm-none-eabi/lib/armv7-m\libg_nano.a(lib_a-nano-vfprintf_i.o)
                0x00002dcc                _printf_common
 .text._printf_i
                0x00002eb8      0x24c c:/program files (x86)/cypress/psoc creator/4.2/psoc creator/import/gnu/arm/5.4.1/bin/../lib/gcc/arm-none-eabi/5.4.1/../../../../arm-none-eabi/lib/armv7-m\libg_nano.a(lib_a-nano-vfprintf_i.o)
                0x00002eb8                _printf_i
 .text.memchr   0x00003104       0x1c c:/program files (x86)/cypress/psoc creator/4.2/psoc creator/import/gnu/arm/5.4.1/bin/../lib/gcc/arm-none-eabi/5.4.1/../../../../arm-none-eabi/lib/armv7-m\libg_nano.a(lib_a-memchr-stub.o)
                0x00003104                memchr
 .text.memmove  0x00003120       0x36 c:/program files (x86)/cypress/psoc creator/4.2/psoc creator/import/gnu/arm/5.4.1/bin/../lib/gcc/arm-none-eabi/5.4.1/../../../../arm-none-eabi/lib/armv7-m\libg_nano.a(lib_a-memmove.o)
                0x00003120                memmove
 *fill*         0x00003156        0x2 
 .text._free_r  0x00003158       0x98 c:/program files (x86)/cypress/psoc creator/4.2/psoc creator/import/gnu/arm/5.4.1/bin/../lib/gcc/arm-none-eabi/5.4.1/../../../../arm-none-eabi/lib/armv7-m\libg_nano.a(lib_a-nano-freer.o)
                0x00003158                _free_r
 .text._malloc_r
                0x000031f0       0xbc c:/program files (x86)/cypress/psoc creator/4.2/psoc creator/import/gnu/arm/5.4.1/bin/../lib/gcc/arm-none-eabi/5.4.1/../../../../arm-none-eabi/lib/armv7-m\libg_nano.a(lib_a-nano-mallocr.o)
                0x000031f0                _malloc_r
 .text._realloc_r
                0x000032ac       0x4c c:/program files (x86)/cypress/psoc creator/4.2/psoc creator/import/gnu/arm/5.4.1/bin/../lib/gcc/arm-none-eabi/5.4.1/../../../../arm-none-eabi/lib/armv7-m\libg_nano.a(lib_a-nano-reallocr.o)
                0x000032ac                _realloc_r
 .text._sbrk_r  0x000032f8       0x20 c:/program files (x86)/cypress/psoc creator/4.2/psoc creator/import/gnu/arm/5.4.1/bin/../lib/gcc/arm-none-eabi/5.4.1/../../../../arm-none-eabi/lib/armv7-m\libg_nano.a(lib_a-sbrkr.o)
                0x000032f8                _sbrk_r
 .text.__malloc_lock
                0x00003318        0x2 c:/program files (x86)/cypress/psoc creator/4.2/psoc creator/import/gnu/arm/5.4.1/bin/../lib/gcc/arm-none-eabi/5.4.1/../../../../arm-none-eabi/lib/armv7-m\libg_nano.a(lib_a-mlock.o)
                0x00003318                __malloc_lock
 .text.__malloc_unlock
                0x0000331a        0x2 c:/program files (x86)/cypress/psoc creator/4.2/psoc creator/import/gnu/arm/5.4.1/bin/../lib/gcc/arm-none-eabi/5.4.1/../../../../arm-none-eabi/lib/armv7-m\libg_nano.a(lib_a-mlock.o)
                0x0000331a                __malloc_unlock
 .text._malloc_usable_size_r
                0x0000331c       0x14 c:/program files (x86)/cypress/psoc creator/4.2/psoc creator/import/gnu/arm/5.4.1/bin/../lib/gcc/arm-none-eabi/5.4.1/../../../../arm-none-eabi/lib/armv7-m\libg_nano.a(lib_a-nano-msizer.o)
                0x0000331c                _malloc_usable_size_r
 *(.plt)
 *(.gnu.warning)
 *(.glue_7t)
 .glue_7t       0x00003330        0x0 linker stubs
 *(.glue_7)
 .glue_7        0x00003330        0x0 linker stubs
 *(.vfp11_veneer)
 .vfp11_veneer  0x00003330        0x0 linker stubs
 *(.bootloader)
 *(.ARM.extab* .gnu.linkonce.armextab.*)
 *(.gcc_except_table)

.v4_bx          0x00003330        0x0
 .v4_bx         0x00003330        0x0 linker stubs

.iplt           0x00003330        0x0
 .iplt          0x00003330        0x0 c:/program files (x86)/cypress/psoc creator/4.2/psoc creator/import/gnu/arm/5.4.1/bin/../lib/gcc/arm-none-eabi/5.4.1/armv7-m/crtbegin.o

.eh_frame_hdr
 *(.eh_frame_hdr)

.eh_frame       0x00003330        0x4
 *(.eh_frame)
 .eh_frame      0x00003330        0x0 c:/program files (x86)/cypress/psoc creator/4.2/psoc creator/import/gnu/arm/5.4.1/bin/../lib/gcc/arm-none-eabi/5.4.1/armv7-m/crtbegin.o
 .eh_frame      0x00003330        0x4 c:/program files (x86)/cypress/psoc creator/4.2/psoc creator/import/gnu/arm/5.4.1/bin/../lib/gcc/arm-none-eabi/5.4.1/armv7-m/crtend.o
                [!provide]                PROVIDE (__exidx_start, .)

.ARM.exidx
 *(.ARM.exidx* .gnu.linkonce.armexidx.*)
                0x00003334                __exidx_end = .

.rodata         0x00003334      0x52c
 *(.rodata .rodata.* .gnu.linkonce.r.*)
 .rodata        0x00003334       0x49 .\CortexM3\ARM_GCC_541\Debug\main.o
 *fill*         0x0000337d        0x3 
 .rodata        0x00003380      0x2fc .\CortexM3\ARM_GCC_541\Debug\cyfitter_cfg.o
 .rodata        0x0000367c       0x11 .\CortexM3\ARM_GCC_541\Debug\Timer sa resetiranjem nakon capture-a.a(USBUART_std.o)
 *fill*         0x0000368d        0x3 
 .rodata        0x00003690      0x160 .\CortexM3\ARM_GCC_541\Debug\Timer sa resetiranjem nakon capture-a.a(USBUART_descr.o)
                0x00003690                USBUART_DEVICE0_DESCR
                0x000036a4                USBUART_DEVICE0_CONFIGURATION0_DESCR
                0x000036e8                USBUART_STRING_DESCRIPTORS
                0x00003788                USBUART_SN_STRING_DESCRIPTOR
                0x0000378c                USBUART_DEVICE0_CONFIGURATION0_EP_SETTINGS_TABLE
                0x000037a4                USBUART_DEVICE0_CONFIGURATION0_INTERFACE_CLASS
                0x000037a8                USBUART_DEVICE0_CONFIGURATION0_TABLE
                0x000037d0                USBUART_DEVICE0_TABLE
                0x000037e8                USBUART_TABLE
 .rodata.str1.1
                0x000037f0        0x2 c:/program files (x86)/cypress/psoc creator/4.2/psoc creator/import/gnu/arm/5.4.1/bin/../lib/gcc/arm-none-eabi/5.4.1/../../../../arm-none-eabi/lib/armv7-m\libg_nano.a(lib_a-impure.o)
 .rodata.str1.1
                0x000037f2       0x11 c:/program files (x86)/cypress/psoc creator/4.2/psoc creator/import/gnu/arm/5.4.1/bin/../lib/gcc/arm-none-eabi/5.4.1/../../../../arm-none-eabi/lib/armv7-m\libg_nano.a(lib_a-nano-svfprintf.o)
 .rodata.str1.1
                0x00003803       0x22 c:/program files (x86)/cypress/psoc creator/4.2/psoc creator/import/gnu/arm/5.4.1/bin/../lib/gcc/arm-none-eabi/5.4.1/../../../../arm-none-eabi/lib/armv7-m\libg_nano.a(lib_a-nano-vfprintf_i.o)
                0x00003828                . = ALIGN (0x4)
 *fill*         0x00003825        0x3 
 *(.init)
 .init          0x00003828        0x4 c:/program files (x86)/cypress/psoc creator/4.2/psoc creator/import/gnu/arm/5.4.1/bin/../lib/gcc/arm-none-eabi/5.4.1/armv7-m/crti.o
                0x00003828                _init
 .init          0x0000382c        0x8 c:/program files (x86)/cypress/psoc creator/4.2/psoc creator/import/gnu/arm/5.4.1/bin/../lib/gcc/arm-none-eabi/5.4.1/armv7-m/crtn.o
                0x00003834                . = ALIGN (0x4)
                0x00003834                __preinit_array_start = .
 *(.preinit_array)
                0x00003834                __preinit_array_end = .
                0x00003834                . = ALIGN (0x4)
                0x00003834                __init_array_start = .
 *(SORT(.init_array.*))
 *(.init_array)
 .init_array    0x00003834        0x4 c:/program files (x86)/cypress/psoc creator/4.2/psoc creator/import/gnu/arm/5.4.1/bin/../lib/gcc/arm-none-eabi/5.4.1/armv7-m/crtbegin.o
 .init_array    0x00003838        0x4 .\CortexM3\ARM_GCC_541\Debug\Cm3Start.o
                0x0000383c                __init_array_end = .
                0x0000383c                . = ALIGN (0x4)
 *(.fini)
 .fini          0x0000383c        0x4 c:/program files (x86)/cypress/psoc creator/4.2/psoc creator/import/gnu/arm/5.4.1/bin/../lib/gcc/arm-none-eabi/5.4.1/armv7-m/crti.o
                0x0000383c                _fini
 .fini          0x00003840        0x8 c:/program files (x86)/cypress/psoc creator/4.2/psoc creator/import/gnu/arm/5.4.1/bin/../lib/gcc/arm-none-eabi/5.4.1/armv7-m/crtn.o
                0x00003848                . = ALIGN (0x4)
                0x00003848                __fini_array_start = .
 *(.fini_array)
 .fini_array    0x00003848        0x4 c:/program files (x86)/cypress/psoc creator/4.2/psoc creator/import/gnu/arm/5.4.1/bin/../lib/gcc/arm-none-eabi/5.4.1/armv7-m/crtbegin.o
 *(SORT(.fini_array.*))
                0x0000384c                __fini_array_end = .
                0x0000384c                . = ALIGN (0x4)
 *crtbegin.o(.ctors)
 *(EXCLUDE_FILE(*crtend.o) .ctors)
 *(SORT(.ctors.*))
 *crtend.o(.ctors)
                0x0000384c                . = ALIGN (0x4)
 *crtbegin.o(.dtors)
 *(EXCLUDE_FILE(*crtend.o) .dtors)
 *(SORT(.dtors.*))
 *crtend.o(.dtors)
                0x0000384c                . = ALIGN (0x4)
                0x0000384c                __cy_regions = .
                0x0000384c        0x4 LONG 0x3860 __cy_region_init_ram
                0x00003850        0x4 LONG 0x1fff80c8 __cy_region_start_data
                0x00003854        0x4 LONG 0xa0 __cy_region_init_size_ram
                0x00003858        0x4 LONG 0x178 __cy_region_zero_size_ram
                0x0000385c                __cy_regions_end = .
                0x00003860                . = ALIGN (0x8)
 *fill*         0x0000385c        0x4 
                0x00003860                _etext = .

.cy_checksum_exclude
                0x00003860        0x0
 *(.cy_checksum_exclude)

.ramvectors     0x1fff8000       0xc0
                0x1fff8000                __cy_region_start_ram = .
 *(.ramvectors)
 .ramvectors    0x1fff8000       0xc0 .\CortexM3\ARM_GCC_541\Debug\Cm3Start.o
                0x1fff8000                CyRamVectors

.noinit         0x1fff80c0        0x5
 *(.noinit)
 .noinit        0x1fff80c0        0x4 .\CortexM3\ARM_GCC_541\Debug\Cm3Start.o
 .noinit        0x1fff80c4        0x1 .\CortexM3\ARM_GCC_541\Debug\Timer sa resetiranjem nakon capture-a.a(CyLib.o)
                0x1fff80c4                CyResetStatus

.data           0x1fff80c8       0xa0 load address 0x00003860
                0x1fff80c8                __cy_region_start_data = .
 *(.jcr)
 .jcr           0x1fff80c8        0x0 c:/program files (x86)/cypress/psoc creator/4.2/psoc creator/import/gnu/arm/5.4.1/bin/../lib/gcc/arm-none-eabi/5.4.1/armv7-m/crtbegin.o
 .jcr           0x1fff80c8        0x4 c:/program files (x86)/cypress/psoc creator/4.2/psoc creator/import/gnu/arm/5.4.1/bin/../lib/gcc/arm-none-eabi/5.4.1/armv7-m/crtend.o
 *(.got.plt)
 *(.got)
 *(.shdata)
 *(.data .data.* .gnu.linkonce.d.*)
 .data          0x1fff80cc        0x5 .\CortexM3\ARM_GCC_541\Debug\main.o
                0x1fff80cc                timerPeriod
                0x1fff80d0                glitchFilterDelay
 *fill*         0x1fff80d1        0x3 
 .data          0x1fff80d4        0x4 .\CortexM3\ARM_GCC_541\Debug\Cm3Start.o
 .data          0x1fff80d8       0x1a .\CortexM3\ARM_GCC_541\Debug\Timer sa resetiranjem nakon capture-a.a(USBUART_cdc.o)
                0x1fff80d8                USBUART_linesCoding
 *fill*         0x1fff80f2        0x2 
 .data          0x1fff80f4       0x10 .\CortexM3\ARM_GCC_541\Debug\Timer sa resetiranjem nakon capture-a.a(CyLib.o)
                0x1fff80f4                cydelay_freq_hz
                0x1fff80f8                cydelay_freq_khz
                0x1fff80fc                cydelay_freq_mhz
                0x1fff8100                cydelay_32k_ms
 .data.impure_data
                0x1fff8104       0x60 c:/program files (x86)/cypress/psoc creator/4.2/psoc creator/import/gnu/arm/5.4.1/bin/../lib/gcc/arm-none-eabi/5.4.1/../../../../arm-none-eabi/lib/armv7-m\libg_nano.a(lib_a-impure.o)
 .data._impure_ptr
                0x1fff8164        0x4 c:/program files (x86)/cypress/psoc creator/4.2/psoc creator/import/gnu/arm/5.4.1/bin/../lib/gcc/arm-none-eabi/5.4.1/../../../../arm-none-eabi/lib/armv7-m\libg_nano.a(lib_a-impure.o)
                0x1fff8164                _impure_ptr
                0x1fff8168                . = ALIGN (0x8)
 *(.ram)
                0x1fff8168                _edata = .

.igot.plt       0x1fff8168        0x0 load address 0x00003900
 .igot.plt      0x1fff8168        0x0 c:/program files (x86)/cypress/psoc creator/4.2/psoc creator/import/gnu/arm/5.4.1/bin/../lib/gcc/arm-none-eabi/5.4.1/armv7-m/crtbegin.o

.bss            0x1fff8168      0x178 load address 0x00003900
                0x1fff8168                PROVIDE (__bss_start__, .)
 *(.shbss)
 *(.bss .bss.* .gnu.linkonce.b.*)
 .bss           0x1fff8168       0x1c c:/program files (x86)/cypress/psoc creator/4.2/psoc creator/import/gnu/arm/5.4.1/bin/../lib/gcc/arm-none-eabi/5.4.1/armv7-m/crtbegin.o
 .bss           0x1fff8184        0x8 .\CortexM3\ARM_GCC_541\Debug\main.o
                0x1fff8184                vrijeme
                0x1fff8188                capturedValue
 .bss           0x1fff818c        0x1 .\CortexM3\ARM_GCC_541\Debug\Timer sa resetiranjem nakon capture-a.a(Timer_1.o)
                0x1fff818c                Timer_1_initVar
 .bss           0x1fff818d        0x1 .\CortexM3\ARM_GCC_541\Debug\Timer sa resetiranjem nakon capture-a.a(USBUART.o)
                0x1fff818d                USBUART_initVar
 .bss           0x1fff818e        0x1 .\CortexM3\ARM_GCC_541\Debug\Timer sa resetiranjem nakon capture-a.a(USBUART_cdc.o)
 *fill*         0x1fff818f        0x1 
 .bss           0x1fff8190        0x2 .\CortexM3\ARM_GCC_541\Debug\Timer sa resetiranjem nakon capture-a.a(USBUART_std.o)
 *fill*         0x1fff8192        0x2 
 .bss.__malloc_sbrk_start
                0x1fff8194        0x4 c:/program files (x86)/cypress/psoc creator/4.2/psoc creator/import/gnu/arm/5.4.1/bin/../lib/gcc/arm-none-eabi/5.4.1/../../../../arm-none-eabi/lib/armv7-m\libg_nano.a(lib_a-nano-mallocr.o)
                0x1fff8194                __malloc_sbrk_start
 .bss.__malloc_free_list
                0x1fff8198        0x4 c:/program files (x86)/cypress/psoc creator/4.2/psoc creator/import/gnu/arm/5.4.1/bin/../lib/gcc/arm-none-eabi/5.4.1/../../../../arm-none-eabi/lib/armv7-m\libg_nano.a(lib_a-nano-mallocr.o)
                0x1fff8198                __malloc_free_list
 *(COMMON)
 COMMON         0x1fff819c       0x68 .\CortexM3\ARM_GCC_541\Debug\main.o
                0x1fff819c                InterruptCnt
                0x1fff81a0                str
 COMMON         0x1fff8204       0x18 .\CortexM3\ARM_GCC_541\Debug\Timer sa resetiranjem nakon capture-a.a(USBUART_cdc.o)
                0x1fff8204                USBUART_linesChanged
                0x1fff8208                USBUART_cdcDataInEp
                0x1fff820c                USBUART_cdcCommInInterruptEp
                0x1fff8210                USBUART_cdcDataOutEp
                0x1fff8214                USBUART_serialStateBitmap
                0x1fff8218                USBUART_linesControlBitmap
 COMMON         0x1fff821c       0x9a .\CortexM3\ARM_GCC_541\Debug\Timer sa resetiranjem nakon capture-a.a(USBUART_drv.o)
                0x1fff821c                USBUART_lastPacketSize
                0x1fff821d                USBUART_device
                0x1fff821e                USBUART_transferByteCount
                0x1fff8220                USBUART_transferState
                0x1fff8224                USBUART_interfaceSettingLast
                0x1fff8228                USBUART_currentTD
                0x1fff8234                USBUART_interfaceNumber
                0x1fff8238                USBUART_interfaceClass
                0x1fff823c                USBUART_configurationChanged
                0x1fff823d                USBUART_ep0Mode
                0x1fff823e                USBUART_deviceAddress
                0x1fff823f                USBUART_configuration
                0x1fff8240                USBUART_ep0Count
                0x1fff8241                USBUART_deviceStatus
                0x1fff8244                USBUART_EP
                0x1fff82b0                USBUART_interfaceSetting
                0x1fff82b2                USBUART_ep0Toggle
                0x1fff82b4                USBUART_interfaceStatus
 *fill*         0x1fff82b6        0x2 
 COMMON         0x1fff82b8       0x22 .\CortexM3\ARM_GCC_541\Debug\Timer sa resetiranjem nakon capture-a.a(USBUART_descr.o)
                0x1fff82b8                USBUART_idSerialNumberStringDescriptor
 *fill*         0x1fff82da        0x2 
 COMMON         0x1fff82dc        0x4 c:/program files (x86)/cypress/psoc creator/4.2/psoc creator/import/gnu/arm/5.4.1/bin/../lib/gcc/arm-none-eabi/5.4.1/../../../../arm-none-eabi/lib/armv7-m\libg_nano.a(lib_a-reent.o)
                0x1fff82dc                errno
                0x1fff82e0                . = ALIGN (0x8)
 *(.ram.b)
                0x1fff82e0                _end = .
                0x1fff82e0                __end = .
                0x1fff82e0                PROVIDE (end, .)
                0x1fff82e0                PROVIDE (__bss_end__, .)
                0x00003860                __cy_region_init_ram = LOADADDR (.data)
                0x000000a0                __cy_region_init_size_ram = (_edata - ADDR (.data))
                0x00000178                __cy_region_zero_size_ram = (_end - _edata)

.heap           0x1fff82e0       0x80 load address 0x00003900
                0x1fff82e0                . = _end
                0x1fff8360                . = (. + 0x80)
 *fill*         0x1fff82e0       0x80 
                0x1fff8360                __cy_heap_limit = .

.stack          0x20007800      0x800
                0x20007800                __cy_stack_limit = .
                0x20008000                . = (. + 0x800)
 *fill*         0x20007800      0x800 
                0x00000001                ASSERT ((__cy_stack_limit >= __cy_heap_limit), region RAM overflowed with stack)
                0x00000000                cy_checksum_exclude_size = (CY_APPL_LOADABLE == 0x1)?SIZEOF (.cy_checksum_exclude):0x0
                0x00000001                ASSERT ((cy_checksum_exclude_size <= CY_CHECKSUM_EXCLUDE_SIZE), CY_BOOT: Section .cy_checksum_exclude size exceedes specified limit.)

.cyloadermeta
 *(.cyloadermeta)

.cyloadablemeta
 *(.cyloadablemeta)

.cyconfigecc    0x80000000        0x1
 *(.cyconfigecc)
 .cyconfigecc   0x80000000        0x1 .\CortexM3\ARM_GCC_541\Debug\cymetadata.o
                0x80000000                cy_meta_configecc

.cycustnvl      0x90000000        0x4
 *(.cycustnvl)
 .cycustnvl     0x90000000        0x4 .\CortexM3\ARM_GCC_541\Debug\cymetadata.o
                0x90000000                cy_meta_custnvl

.cywolatch      0x90100000        0x4
 *(.cywolatch)
 .cywolatch     0x90100000        0x4 .\CortexM3\ARM_GCC_541\Debug\cymetadata.o
                0x90100000                cy_meta_wonvl

.cyeeprom       0x90200000        0x0
 *(.cyeeprom)
                0x00000001                ASSERT ((. <= ((0x90200000 + ee_offset) + ee_size)), .cyeeprom data will not fit in EEPROM)

.cyflashprotect
                0x90400000      0x100
 *(.cyflashprotect)
 .cyflashprotect
                0x90400000      0x100 .\CortexM3\ARM_GCC_541\Debug\cymetadata.o
                0x90400000                cy_meta_flashprotect

.cymeta         0x90500000        0xc
 *(.cymeta)
 .cymeta        0x90500000        0xc .\CortexM3\ARM_GCC_541\Debug\cymetadata.o
                0x90500000                cy_metadata

.rel.dyn        0x00003900        0x0 load address 0x9050000c
 .rel.iplt      0x00003900        0x0 c:/program files (x86)/cypress/psoc creator/4.2/psoc creator/import/gnu/arm/5.4.1/bin/../lib/gcc/arm-none-eabi/5.4.1/armv7-m/crtbegin.o

.stab
 *(.stab)

.stabstr
 *(.stabstr)

.debug
 *(.debug)

.line
 *(.line)

.debug_srcinfo
 *(.debug_srcinfo)

.debug_sfnames
 *(.debug_sfnames)

.debug_aranges  0x00000000      0xa58
 *(.debug_aranges)
 .debug_aranges
                0x00000000       0x28 .\CortexM3\ARM_GCC_541\Debug\main.o
 .debug_aranges
                0x00000028       0x60 .\CortexM3\ARM_GCC_541\Debug\cyfitter_cfg.o
 .debug_aranges
                0x00000088       0x18 .\CortexM3\ARM_GCC_541\Debug\cymetadata.o
 .debug_aranges
                0x000000a0       0x48 .\CortexM3\ARM_GCC_541\Debug\Cm3Start.o
 .debug_aranges
                0x000000e8       0xa0 .\CortexM3\ARM_GCC_541\Debug\Timer sa resetiranjem nakon capture-a.a(Timer_1.o)
 .debug_aranges
                0x00000188       0x80 .\CortexM3\ARM_GCC_541\Debug\Timer sa resetiranjem nakon capture-a.a(TimerISR.o)
 .debug_aranges
                0x00000208       0xc8 .\CortexM3\ARM_GCC_541\Debug\Timer sa resetiranjem nakon capture-a.a(USBUART.o)
 .debug_aranges
                0x000002d0       0xe8 .\CortexM3\ARM_GCC_541\Debug\Timer sa resetiranjem nakon capture-a.a(USBUART_cdc.o)
 .debug_aranges
                0x000003b8       0x98 .\CortexM3\ARM_GCC_541\Debug\Timer sa resetiranjem nakon capture-a.a(USBUART_drv.o)
 .debug_aranges
                0x00000450       0x40 .\CortexM3\ARM_GCC_541\Debug\Timer sa resetiranjem nakon capture-a.a(USBUART_episr.o)
 .debug_aranges
                0x00000490       0x40 .\CortexM3\ARM_GCC_541\Debug\Timer sa resetiranjem nakon capture-a.a(USBUART_pm.o)
 .debug_aranges
                0x000004d0       0x80 .\CortexM3\ARM_GCC_541\Debug\Timer sa resetiranjem nakon capture-a.a(USBUART_std.o)
 .debug_aranges
                0x00000550       0x20 .\CortexM3\ARM_GCC_541\Debug\Timer sa resetiranjem nakon capture-a.a(USBUART_vnd.o)
 .debug_aranges
                0x00000570       0x48 .\CortexM3\ARM_GCC_541\Debug\Timer sa resetiranjem nakon capture-a.a(USBUART_Dp.o)
 .debug_aranges
                0x000005b8      0x2a0 .\CortexM3\ARM_GCC_541\Debug\Timer sa resetiranjem nakon capture-a.a(CyLib.o)
 .debug_aranges
                0x00000858       0x98 .\CortexM3\ARM_GCC_541\Debug\Timer sa resetiranjem nakon capture-a.a(cyPm.o)
 .debug_aranges
                0x000008f0       0x20 .\CortexM3\ARM_GCC_541\Debug\Timer sa resetiranjem nakon capture-a.a(CyBootAsmGnu.o)
 .debug_aranges
                0x00000910       0x20 .\CortexM3\ARM_GCC_541\Debug\Timer sa resetiranjem nakon capture-a.a(USBUART_cls.o)
 .debug_aranges
                0x00000930       0x18 .\CortexM3\ARM_GCC_541\Debug\Timer sa resetiranjem nakon capture-a.a(USBUART_descr.o)
 .debug_aranges
                0x00000948       0x90 .\CortexM3\ARM_GCC_541\Debug\Timer sa resetiranjem nakon capture-a.a(CyFlash.o)
 .debug_aranges
                0x000009d8       0x80 .\CortexM3\ARM_GCC_541\Debug\Timer sa resetiranjem nakon capture-a.a(CySpc.o)

.debug_pubnames
 *(.debug_pubnames)

.debug_info     0x00000000     0x559a
 *(.debug_info .gnu.linkonce.wi.*)
 .debug_info    0x00000000      0x180 .\CortexM3\ARM_GCC_541\Debug\main.o
 .debug_info    0x00000180      0x468 .\CortexM3\ARM_GCC_541\Debug\cyfitter_cfg.o
 .debug_info    0x000005e8      0x134 .\CortexM3\ARM_GCC_541\Debug\cymetadata.o
 .debug_info    0x0000071c      0x32b .\CortexM3\ARM_GCC_541\Debug\Cm3Start.o
 .debug_info    0x00000a47      0x27f .\CortexM3\ARM_GCC_541\Debug\Timer sa resetiranjem nakon capture-a.a(Timer_1.o)
 .debug_info    0x00000cc6      0x241 .\CortexM3\ARM_GCC_541\Debug\Timer sa resetiranjem nakon capture-a.a(TimerISR.o)
 .debug_info    0x00000f07      0x717 .\CortexM3\ARM_GCC_541\Debug\Timer sa resetiranjem nakon capture-a.a(USBUART.o)
 .debug_info    0x0000161e      0x924 .\CortexM3\ARM_GCC_541\Debug\Timer sa resetiranjem nakon capture-a.a(USBUART_cdc.o)
 .debug_info    0x00001f42      0x52d .\CortexM3\ARM_GCC_541\Debug\Timer sa resetiranjem nakon capture-a.a(USBUART_drv.o)
 .debug_info    0x0000246f      0x23b .\CortexM3\ARM_GCC_541\Debug\Timer sa resetiranjem nakon capture-a.a(USBUART_episr.o)
 .debug_info    0x000026aa      0x18d .\CortexM3\ARM_GCC_541\Debug\Timer sa resetiranjem nakon capture-a.a(USBUART_pm.o)
 .debug_info    0x00002837      0x951 .\CortexM3\ARM_GCC_541\Debug\Timer sa resetiranjem nakon capture-a.a(USBUART_std.o)
 .debug_info    0x00003188       0xef .\CortexM3\ARM_GCC_541\Debug\Timer sa resetiranjem nakon capture-a.a(USBUART_vnd.o)
 .debug_info    0x00003277      0x171 .\CortexM3\ARM_GCC_541\Debug\Timer sa resetiranjem nakon capture-a.a(USBUART_Dp.o)
 .debug_info    0x000033e8      0xe51 .\CortexM3\ARM_GCC_541\Debug\Timer sa resetiranjem nakon capture-a.a(CyLib.o)
 .debug_info    0x00004239      0x57a .\CortexM3\ARM_GCC_541\Debug\Timer sa resetiranjem nakon capture-a.a(cyPm.o)
 .debug_info    0x000047b3       0xac .\CortexM3\ARM_GCC_541\Debug\Timer sa resetiranjem nakon capture-a.a(CyBootAsmGnu.o)
 .debug_info    0x0000485f      0x1c8 .\CortexM3\ARM_GCC_541\Debug\Timer sa resetiranjem nakon capture-a.a(USBUART_cls.o)
 .debug_info    0x00004a27      0x2a3 .\CortexM3\ARM_GCC_541\Debug\Timer sa resetiranjem nakon capture-a.a(USBUART_descr.o)
 .debug_info    0x00004cca      0x410 .\CortexM3\ARM_GCC_541\Debug\Timer sa resetiranjem nakon capture-a.a(CyFlash.o)
 .debug_info    0x000050da      0x4c0 .\CortexM3\ARM_GCC_541\Debug\Timer sa resetiranjem nakon capture-a.a(CySpc.o)

.debug_abbrev   0x00000000     0x1926
 *(.debug_abbrev)
 .debug_abbrev  0x00000000       0xc0 .\CortexM3\ARM_GCC_541\Debug\main.o
 .debug_abbrev  0x000000c0      0x1a8 .\CortexM3\ARM_GCC_541\Debug\cyfitter_cfg.o
 .debug_abbrev  0x00000268       0x5d .\CortexM3\ARM_GCC_541\Debug\cymetadata.o
 .debug_abbrev  0x000002c5      0x1d6 .\CortexM3\ARM_GCC_541\Debug\Cm3Start.o
 .debug_abbrev  0x0000049b      0x11b .\CortexM3\ARM_GCC_541\Debug\Timer sa resetiranjem nakon capture-a.a(Timer_1.o)
 .debug_abbrev  0x000005b6      0x172 .\CortexM3\ARM_GCC_541\Debug\Timer sa resetiranjem nakon capture-a.a(TimerISR.o)
 .debug_abbrev  0x00000728      0x1f3 .\CortexM3\ARM_GCC_541\Debug\Timer sa resetiranjem nakon capture-a.a(USBUART.o)
 .debug_abbrev  0x0000091b      0x233 .\CortexM3\ARM_GCC_541\Debug\Timer sa resetiranjem nakon capture-a.a(USBUART_cdc.o)
 .debug_abbrev  0x00000b4e      0x161 .\CortexM3\ARM_GCC_541\Debug\Timer sa resetiranjem nakon capture-a.a(USBUART_drv.o)
 .debug_abbrev  0x00000caf       0xfd .\CortexM3\ARM_GCC_541\Debug\Timer sa resetiranjem nakon capture-a.a(USBUART_episr.o)
 .debug_abbrev  0x00000dac       0xd1 .\CortexM3\ARM_GCC_541\Debug\Timer sa resetiranjem nakon capture-a.a(USBUART_pm.o)
 .debug_abbrev  0x00000e7d      0x1c2 .\CortexM3\ARM_GCC_541\Debug\Timer sa resetiranjem nakon capture-a.a(USBUART_std.o)
 .debug_abbrev  0x0000103f       0x9b .\CortexM3\ARM_GCC_541\Debug\Timer sa resetiranjem nakon capture-a.a(USBUART_vnd.o)
 .debug_abbrev  0x000010da       0x90 .\CortexM3\ARM_GCC_541\Debug\Timer sa resetiranjem nakon capture-a.a(USBUART_Dp.o)
 .debug_abbrev  0x0000116a      0x217 .\CortexM3\ARM_GCC_541\Debug\Timer sa resetiranjem nakon capture-a.a(CyLib.o)
 .debug_abbrev  0x00001381      0x161 .\CortexM3\ARM_GCC_541\Debug\Timer sa resetiranjem nakon capture-a.a(cyPm.o)
 .debug_abbrev  0x000014e2       0x14 .\CortexM3\ARM_GCC_541\Debug\Timer sa resetiranjem nakon capture-a.a(CyBootAsmGnu.o)
 .debug_abbrev  0x000014f6       0xc5 .\CortexM3\ARM_GCC_541\Debug\Timer sa resetiranjem nakon capture-a.a(USBUART_cls.o)
 .debug_abbrev  0x000015bb       0xb4 .\CortexM3\ARM_GCC_541\Debug\Timer sa resetiranjem nakon capture-a.a(USBUART_descr.o)
 .debug_abbrev  0x0000166f      0x14b .\CortexM3\ARM_GCC_541\Debug\Timer sa resetiranjem nakon capture-a.a(CyFlash.o)
 .debug_abbrev  0x000017ba      0x16c .\CortexM3\ARM_GCC_541\Debug\Timer sa resetiranjem nakon capture-a.a(CySpc.o)

.debug_line     0x00000000     0x2b92
 *(.debug_line)
 .debug_line    0x00000000      0x1de .\CortexM3\ARM_GCC_541\Debug\main.o
 .debug_line    0x000001de      0x1f3 .\CortexM3\ARM_GCC_541\Debug\cyfitter_cfg.o
 .debug_line    0x000003d1      0x141 .\CortexM3\ARM_GCC_541\Debug\cymetadata.o
 .debug_line    0x00000512      0x1dc .\CortexM3\ARM_GCC_541\Debug\Cm3Start.o
 .debug_line    0x000006ee      0x193 .\CortexM3\ARM_GCC_541\Debug\Timer sa resetiranjem nakon capture-a.a(Timer_1.o)
 .debug_line    0x00000881      0x143 .\CortexM3\ARM_GCC_541\Debug\Timer sa resetiranjem nakon capture-a.a(TimerISR.o)
 .debug_line    0x000009c4      0x307 .\CortexM3\ARM_GCC_541\Debug\Timer sa resetiranjem nakon capture-a.a(USBUART.o)
 .debug_line    0x00000ccb      0x30c .\CortexM3\ARM_GCC_541\Debug\Timer sa resetiranjem nakon capture-a.a(USBUART_cdc.o)
 .debug_line    0x00000fd7      0x21f .\CortexM3\ARM_GCC_541\Debug\Timer sa resetiranjem nakon capture-a.a(USBUART_drv.o)
 .debug_line    0x000011f6       0xf2 .\CortexM3\ARM_GCC_541\Debug\Timer sa resetiranjem nakon capture-a.a(USBUART_episr.o)
 .debug_line    0x000012e8       0xe6 .\CortexM3\ARM_GCC_541\Debug\Timer sa resetiranjem nakon capture-a.a(USBUART_pm.o)
 .debug_line    0x000013ce      0x475 .\CortexM3\ARM_GCC_541\Debug\Timer sa resetiranjem nakon capture-a.a(USBUART_std.o)
 .debug_line    0x00001843       0x79 .\CortexM3\ARM_GCC_541\Debug\Timer sa resetiranjem nakon capture-a.a(USBUART_vnd.o)
 .debug_line    0x000018bc       0xbf .\CortexM3\ARM_GCC_541\Debug\Timer sa resetiranjem nakon capture-a.a(USBUART_Dp.o)
 .debug_line    0x0000197b      0x883 .\CortexM3\ARM_GCC_541\Debug\Timer sa resetiranjem nakon capture-a.a(CyLib.o)
 .debug_line    0x000021fe      0x38e .\CortexM3\ARM_GCC_541\Debug\Timer sa resetiranjem nakon capture-a.a(cyPm.o)
 .debug_line    0x0000258c       0x7d .\CortexM3\ARM_GCC_541\Debug\Timer sa resetiranjem nakon capture-a.a(CyBootAsmGnu.o)
 .debug_line    0x00002609       0x95 .\CortexM3\ARM_GCC_541\Debug\Timer sa resetiranjem nakon capture-a.a(USBUART_cls.o)
 .debug_line    0x0000269e       0x61 .\CortexM3\ARM_GCC_541\Debug\Timer sa resetiranjem nakon capture-a.a(USBUART_descr.o)
 .debug_line    0x000026ff      0x242 .\CortexM3\ARM_GCC_541\Debug\Timer sa resetiranjem nakon capture-a.a(CyFlash.o)
 .debug_line    0x00002941      0x251 .\CortexM3\ARM_GCC_541\Debug\Timer sa resetiranjem nakon capture-a.a(CySpc.o)

.debug_frame    0x00000000     0x2c44
 *(.debug_frame)
 .debug_frame   0x00000000       0x50 .\CortexM3\ARM_GCC_541\Debug\main.o
 .debug_frame   0x00000050      0x16c .\CortexM3\ARM_GCC_541\Debug\cyfitter_cfg.o
 .debug_frame   0x000001bc       0xd8 .\CortexM3\ARM_GCC_541\Debug\Cm3Start.o
 .debug_frame   0x00000294      0x278 .\CortexM3\ARM_GCC_541\Debug\Timer sa resetiranjem nakon capture-a.a(Timer_1.o)
 .debug_frame   0x0000050c      0x1e8 .\CortexM3\ARM_GCC_541\Debug\Timer sa resetiranjem nakon capture-a.a(TimerISR.o)
 .debug_frame   0x000006f4      0x37c .\CortexM3\ARM_GCC_541\Debug\Timer sa resetiranjem nakon capture-a.a(USBUART.o)
 .debug_frame   0x00000a70      0x3ec .\CortexM3\ARM_GCC_541\Debug\Timer sa resetiranjem nakon capture-a.a(USBUART_cdc.o)
 .debug_frame   0x00000e5c      0x23c .\CortexM3\ARM_GCC_541\Debug\Timer sa resetiranjem nakon capture-a.a(USBUART_drv.o)
 .debug_frame   0x00001098       0xbc .\CortexM3\ARM_GCC_541\Debug\Timer sa resetiranjem nakon capture-a.a(USBUART_episr.o)
 .debug_frame   0x00001154       0xbc .\CortexM3\ARM_GCC_541\Debug\Timer sa resetiranjem nakon capture-a.a(USBUART_pm.o)
 .debug_frame   0x00001210      0x224 .\CortexM3\ARM_GCC_541\Debug\Timer sa resetiranjem nakon capture-a.a(USBUART_std.o)
 .debug_frame   0x00001434       0x38 .\CortexM3\ARM_GCC_541\Debug\Timer sa resetiranjem nakon capture-a.a(USBUART_vnd.o)
 .debug_frame   0x0000146c       0xf4 .\CortexM3\ARM_GCC_541\Debug\Timer sa resetiranjem nakon capture-a.a(USBUART_Dp.o)
 .debug_frame   0x00001560      0xc0c .\CortexM3\ARM_GCC_541\Debug\Timer sa resetiranjem nakon capture-a.a(CyLib.o)
 .debug_frame   0x0000216c      0x234 .\CortexM3\ARM_GCC_541\Debug\Timer sa resetiranjem nakon capture-a.a(cyPm.o)
 .debug_frame   0x000023a0       0x38 .\CortexM3\ARM_GCC_541\Debug\Timer sa resetiranjem nakon capture-a.a(USBUART_cls.o)
 .debug_frame   0x000023d8      0x260 .\CortexM3\ARM_GCC_541\Debug\Timer sa resetiranjem nakon capture-a.a(CyFlash.o)
 .debug_frame   0x00002638      0x228 .\CortexM3\ARM_GCC_541\Debug\Timer sa resetiranjem nakon capture-a.a(CySpc.o)
 .debug_frame   0x00002860       0x20 c:/program files (x86)/cypress/psoc creator/4.2/psoc creator/import/gnu/arm/5.4.1/bin/../lib/gcc/arm-none-eabi/5.4.1/../../../../arm-none-eabi/lib/armv7-m\libg_nano.a(lib_a-errno.o)
 .debug_frame   0x00002880       0x28 c:/program files (x86)/cypress/psoc creator/4.2/psoc creator/import/gnu/arm/5.4.1/bin/../lib/gcc/arm-none-eabi/5.4.1/../../../../arm-none-eabi/lib/armv7-m\libg_nano.a(lib_a-exit.o)
 .debug_frame   0x000028a8       0x2c c:/program files (x86)/cypress/psoc creator/4.2/psoc creator/import/gnu/arm/5.4.1/bin/../lib/gcc/arm-none-eabi/5.4.1/../../../../arm-none-eabi/lib/armv7-m\libg_nano.a(lib_a-init.o)
 .debug_frame   0x000028d4       0x28 c:/program files (x86)/cypress/psoc creator/4.2/psoc creator/import/gnu/arm/5.4.1/bin/../lib/gcc/arm-none-eabi/5.4.1/../../../../arm-none-eabi/lib/armv7-m\libg_nano.a(lib_a-memcpy-stub.o)
 .debug_frame   0x000028fc       0x20 c:/program files (x86)/cypress/psoc creator/4.2/psoc creator/import/gnu/arm/5.4.1/bin/../lib/gcc/arm-none-eabi/5.4.1/../../../../arm-none-eabi/lib/armv7-m\libg_nano.a(lib_a-memset.o)
 .debug_frame   0x0000291c       0x70 c:/program files (x86)/cypress/psoc creator/4.2/psoc creator/import/gnu/arm/5.4.1/bin/../lib/gcc/arm-none-eabi/5.4.1/../../../../arm-none-eabi/lib/armv7-m\libg_nano.a(lib_a-sprintf.o)
 .debug_frame   0x0000298c       0x90 c:/program files (x86)/cypress/psoc creator/4.2/psoc creator/import/gnu/arm/5.4.1/bin/../lib/gcc/arm-none-eabi/5.4.1/../../../../arm-none-eabi/lib/armv7-m\libg_nano.a(lib_a-nano-svfprintf.o)
 .debug_frame   0x00002a1c       0x60 c:/program files (x86)/cypress/psoc creator/4.2/psoc creator/import/gnu/arm/5.4.1/bin/../lib/gcc/arm-none-eabi/5.4.1/../../../../arm-none-eabi/lib/armv7-m\libg_nano.a(lib_a-nano-vfprintf_i.o)
 .debug_frame   0x00002a7c       0x28 c:/program files (x86)/cypress/psoc creator/4.2/psoc creator/import/gnu/arm/5.4.1/bin/../lib/gcc/arm-none-eabi/5.4.1/../../../../arm-none-eabi/lib/armv7-m\libg_nano.a(lib_a-memchr-stub.o)
 .debug_frame   0x00002aa4       0x28 c:/program files (x86)/cypress/psoc creator/4.2/psoc creator/import/gnu/arm/5.4.1/bin/../lib/gcc/arm-none-eabi/5.4.1/../../../../arm-none-eabi/lib/armv7-m\libg_nano.a(lib_a-memmove.o)
 .debug_frame   0x00002acc       0x38 c:/program files (x86)/cypress/psoc creator/4.2/psoc creator/import/gnu/arm/5.4.1/bin/../lib/gcc/arm-none-eabi/5.4.1/../../../../arm-none-eabi/lib/armv7-m\libg_nano.a(lib_a-nano-freer.o)
 .debug_frame   0x00002b04       0x2c c:/program files (x86)/cypress/psoc creator/4.2/psoc creator/import/gnu/arm/5.4.1/bin/../lib/gcc/arm-none-eabi/5.4.1/../../../../arm-none-eabi/lib/armv7-m\libg_nano.a(lib_a-nano-mallocr.o)
 .debug_frame   0x00002b30       0x3c c:/program files (x86)/cypress/psoc creator/4.2/psoc creator/import/gnu/arm/5.4.1/bin/../lib/gcc/arm-none-eabi/5.4.1/../../../../arm-none-eabi/lib/armv7-m\libg_nano.a(lib_a-nano-reallocr.o)
 .debug_frame   0x00002b6c       0x2c c:/program files (x86)/cypress/psoc creator/4.2/psoc creator/import/gnu/arm/5.4.1/bin/../lib/gcc/arm-none-eabi/5.4.1/../../../../arm-none-eabi/lib/armv7-m\libg_nano.a(lib_a-sbrkr.o)
 .debug_frame   0x00002b98       0x30 c:/program files (x86)/cypress/psoc creator/4.2/psoc creator/import/gnu/arm/5.4.1/bin/../lib/gcc/arm-none-eabi/5.4.1/../../../../arm-none-eabi/lib/armv7-m\libg_nano.a(lib_a-mlock.o)
 .debug_frame   0x00002bc8       0x20 c:/program files (x86)/cypress/psoc creator/4.2/psoc creator/import/gnu/arm/5.4.1/bin/../lib/gcc/arm-none-eabi/5.4.1/../../../../arm-none-eabi/lib/armv7-m\libg_nano.a(lib_a-nano-msizer.o)
 .debug_frame   0x00002be8       0x5c c:/program files (x86)/cypress/psoc creator/4.2/psoc creator/import/gnu/arm/5.4.1/bin/../lib/gcc/arm-none-eabi/5.4.1/../../../../arm-none-eabi/lib/armv7-m\libg_nano.a(lib_a-reent.o)

.debug_str      0x00000000     0x27b2
 *(.debug_str)
 .debug_str     0x00000000      0x1de .\CortexM3\ARM_GCC_541\Debug\main.o
                                0x226 (size before relaxing)
 .debug_str     0x000001de      0x1b0 .\CortexM3\ARM_GCC_541\Debug\cyfitter_cfg.o
                                0x37c (size before relaxing)
 .debug_str     0x0000038e       0x7f .\CortexM3\ARM_GCC_541\Debug\cymetadata.o
                                0x200 (size before relaxing)
 .debug_str     0x0000040d      0x11d .\CortexM3\ARM_GCC_541\Debug\Cm3Start.o
                                0x2f3 (size before relaxing)
 .debug_str     0x0000052a      0x1cc .\CortexM3\ARM_GCC_541\Debug\Timer sa resetiranjem nakon capture-a.a(Timer_1.o)
                                0x37b (size before relaxing)
 .debug_str     0x000006f6      0x128 .\CortexM3\ARM_GCC_541\Debug\Timer sa resetiranjem nakon capture-a.a(TimerISR.o)
                                0x2ec (size before relaxing)
 .debug_str     0x0000081e      0x434 .\CortexM3\ARM_GCC_541\Debug\Timer sa resetiranjem nakon capture-a.a(USBUART.o)
                                0x607 (size before relaxing)
 .debug_str     0x00000c52      0x4df .\CortexM3\ARM_GCC_541\Debug\Timer sa resetiranjem nakon capture-a.a(USBUART_cdc.o)
                                0x736 (size before relaxing)
 .debug_str     0x00001131      0x296 .\CortexM3\ARM_GCC_541\Debug\Timer sa resetiranjem nakon capture-a.a(USBUART_drv.o)
                                0x616 (size before relaxing)
 .debug_str     0x000013c7       0x80 .\CortexM3\ARM_GCC_541\Debug\Timer sa resetiranjem nakon capture-a.a(USBUART_episr.o)
                                0x2e3 (size before relaxing)
 .debug_str     0x00001447       0xac .\CortexM3\ARM_GCC_541\Debug\Timer sa resetiranjem nakon capture-a.a(USBUART_pm.o)
                                0x287 (size before relaxing)
 .debug_str     0x000014f3      0x2a3 .\CortexM3\ARM_GCC_541\Debug\Timer sa resetiranjem nakon capture-a.a(USBUART_std.o)
                                0x75e (size before relaxing)
 .debug_str     0x00001796       0x3e .\CortexM3\ARM_GCC_541\Debug\Timer sa resetiranjem nakon capture-a.a(USBUART_vnd.o)
                                0x209 (size before relaxing)
 .debug_str     0x000017d4       0xbe .\CortexM3\ARM_GCC_541\Debug\Timer sa resetiranjem nakon capture-a.a(USBUART_Dp.o)
                                0x25d (size before relaxing)
 .debug_str     0x00001892      0x7d1 .\CortexM3\ARM_GCC_541\Debug\Timer sa resetiranjem nakon capture-a.a(CyLib.o)
                                0xa06 (size before relaxing)
 .debug_str     0x00002063      0x371 .\CortexM3\ARM_GCC_541\Debug\Timer sa resetiranjem nakon capture-a.a(cyPm.o)
                                0x55f (size before relaxing)
 .debug_str     0x000023d4       0x3f .\CortexM3\ARM_GCC_541\Debug\Timer sa resetiranjem nakon capture-a.a(USBUART_cls.o)
                                0x2ab (size before relaxing)
 .debug_str     0x00002413      0x104 .\CortexM3\ARM_GCC_541\Debug\Timer sa resetiranjem nakon capture-a.a(USBUART_descr.o)
                                0x375 (size before relaxing)
 .debug_str     0x00002517      0x16e .\CortexM3\ARM_GCC_541\Debug\Timer sa resetiranjem nakon capture-a.a(CyFlash.o)
                                0x33b (size before relaxing)
 .debug_str     0x00002685      0x12d .\CortexM3\ARM_GCC_541\Debug\Timer sa resetiranjem nakon capture-a.a(CySpc.o)
                                0x31d (size before relaxing)

.debug_loc
 *(.debug_loc)

.debug_macinfo
 *(.debug_macinfo)

.debug_ranges   0x00000000      0x8e8
 *(.debug_ranges)
 .debug_ranges  0x00000000       0x18 .\CortexM3\ARM_GCC_541\Debug\main.o
 .debug_ranges  0x00000018       0x50 .\CortexM3\ARM_GCC_541\Debug\cyfitter_cfg.o
 .debug_ranges  0x00000068       0x38 .\CortexM3\ARM_GCC_541\Debug\Cm3Start.o
 .debug_ranges  0x000000a0       0x90 .\CortexM3\ARM_GCC_541\Debug\Timer sa resetiranjem nakon capture-a.a(Timer_1.o)
 .debug_ranges  0x00000130       0x70 .\CortexM3\ARM_GCC_541\Debug\Timer sa resetiranjem nakon capture-a.a(TimerISR.o)
 .debug_ranges  0x000001a0       0xb8 .\CortexM3\ARM_GCC_541\Debug\Timer sa resetiranjem nakon capture-a.a(USBUART.o)
 .debug_ranges  0x00000258       0xd8 .\CortexM3\ARM_GCC_541\Debug\Timer sa resetiranjem nakon capture-a.a(USBUART_cdc.o)
 .debug_ranges  0x00000330       0x88 .\CortexM3\ARM_GCC_541\Debug\Timer sa resetiranjem nakon capture-a.a(USBUART_drv.o)
 .debug_ranges  0x000003b8       0x30 .\CortexM3\ARM_GCC_541\Debug\Timer sa resetiranjem nakon capture-a.a(USBUART_episr.o)
 .debug_ranges  0x000003e8       0x30 .\CortexM3\ARM_GCC_541\Debug\Timer sa resetiranjem nakon capture-a.a(USBUART_pm.o)
 .debug_ranges  0x00000418       0x70 .\CortexM3\ARM_GCC_541\Debug\Timer sa resetiranjem nakon capture-a.a(USBUART_std.o)
 .debug_ranges  0x00000488       0x10 .\CortexM3\ARM_GCC_541\Debug\Timer sa resetiranjem nakon capture-a.a(USBUART_vnd.o)
 .debug_ranges  0x00000498       0x38 .\CortexM3\ARM_GCC_541\Debug\Timer sa resetiranjem nakon capture-a.a(USBUART_Dp.o)
 .debug_ranges  0x000004d0      0x290 .\CortexM3\ARM_GCC_541\Debug\Timer sa resetiranjem nakon capture-a.a(CyLib.o)
 .debug_ranges  0x00000760       0x88 .\CortexM3\ARM_GCC_541\Debug\Timer sa resetiranjem nakon capture-a.a(cyPm.o)
 .debug_ranges  0x000007e8       0x10 .\CortexM3\ARM_GCC_541\Debug\Timer sa resetiranjem nakon capture-a.a(USBUART_cls.o)
 .debug_ranges  0x000007f8       0x80 .\CortexM3\ARM_GCC_541\Debug\Timer sa resetiranjem nakon capture-a.a(CyFlash.o)
 .debug_ranges  0x00000878       0x70 .\CortexM3\ARM_GCC_541\Debug\Timer sa resetiranjem nakon capture-a.a(CySpc.o)

.comment        0x00000000       0x6e
 .comment       0x00000000       0x6e .\CortexM3\ARM_GCC_541\Debug\main.o
                                 0x6f (size before relaxing)
 .comment       0x0000006e       0x6f .\CortexM3\ARM_GCC_541\Debug\cyfitter_cfg.o
 .comment       0x0000006e       0x6f .\CortexM3\ARM_GCC_541\Debug\cymetadata.o
 .comment       0x0000006e       0x6f .\CortexM3\ARM_GCC_541\Debug\Cm3Start.o
 .comment       0x0000006e       0x6f .\CortexM3\ARM_GCC_541\Debug\Timer sa resetiranjem nakon capture-a.a(Timer_1.o)
 .comment       0x0000006e       0x6f .\CortexM3\ARM_GCC_541\Debug\Timer sa resetiranjem nakon capture-a.a(TimerISR.o)
 .comment       0x0000006e       0x6f .\CortexM3\ARM_GCC_541\Debug\Timer sa resetiranjem nakon capture-a.a(USBUART.o)
 .comment       0x0000006e       0x6f .\CortexM3\ARM_GCC_541\Debug\Timer sa resetiranjem nakon capture-a.a(USBUART_cdc.o)
 .comment       0x0000006e       0x6f .\CortexM3\ARM_GCC_541\Debug\Timer sa resetiranjem nakon capture-a.a(USBUART_drv.o)
 .comment       0x0000006e       0x6f .\CortexM3\ARM_GCC_541\Debug\Timer sa resetiranjem nakon capture-a.a(USBUART_episr.o)
 .comment       0x0000006e       0x6f .\CortexM3\ARM_GCC_541\Debug\Timer sa resetiranjem nakon capture-a.a(USBUART_pm.o)
 .comment       0x0000006e       0x6f .\CortexM3\ARM_GCC_541\Debug\Timer sa resetiranjem nakon capture-a.a(USBUART_std.o)
 .comment       0x0000006e       0x6f .\CortexM3\ARM_GCC_541\Debug\Timer sa resetiranjem nakon capture-a.a(USBUART_vnd.o)
 .comment       0x0000006e       0x6f .\CortexM3\ARM_GCC_541\Debug\Timer sa resetiranjem nakon capture-a.a(USBUART_Dp.o)
 .comment       0x0000006e       0x6f .\CortexM3\ARM_GCC_541\Debug\Timer sa resetiranjem nakon capture-a.a(CyLib.o)
 .comment       0x0000006e       0x6f .\CortexM3\ARM_GCC_541\Debug\Timer sa resetiranjem nakon capture-a.a(cyPm.o)
 .comment       0x0000006e       0x6f .\CortexM3\ARM_GCC_541\Debug\Timer sa resetiranjem nakon capture-a.a(USBUART_cls.o)
 .comment       0x0000006e       0x6f .\CortexM3\ARM_GCC_541\Debug\Timer sa resetiranjem nakon capture-a.a(USBUART_descr.o)
 .comment       0x0000006e       0x6f .\CortexM3\ARM_GCC_541\Debug\Timer sa resetiranjem nakon capture-a.a(CyFlash.o)
 .comment       0x0000006e       0x6f .\CortexM3\ARM_GCC_541\Debug\Timer sa resetiranjem nakon capture-a.a(CySpc.o)

.debug_weaknames
 *(.debug_weaknames)

.debug_funcnames
 *(.debug_funcnames)

.debug_typenames
 *(.debug_typenames)

.debug_varnames
 *(.debug_varnames)

.note.gnu.arm.ident
 *(.note.gnu.arm.ident)

.ARM.attributes
                0x00000000       0x29
 *(.ARM.attributes)
 .ARM.attributes
                0x00000000       0x1d c:/program files (x86)/cypress/psoc creator/4.2/psoc creator/import/gnu/arm/5.4.1/bin/../lib/gcc/arm-none-eabi/5.4.1/armv7-m/crti.o
 .ARM.attributes
                0x0000001d       0x2d c:/program files (x86)/cypress/psoc creator/4.2/psoc creator/import/gnu/arm/5.4.1/bin/../lib/gcc/arm-none-eabi/5.4.1/armv7-m/crtbegin.o
 .ARM.attributes
                0x0000004a       0x1b c:/program files (x86)/cypress/psoc creator/4.2/psoc creator/import/gnu/arm/5.4.1/bin/../lib/gcc/arm-none-eabi/5.4.1/../../../../arm-none-eabi/lib/armv7-m/crt0.o
 .ARM.attributes
                0x00000065       0x33 .\CortexM3\ARM_GCC_541\Debug\main.o
 .ARM.attributes
                0x00000098       0x33 .\CortexM3\ARM_GCC_541\Debug\cyfitter_cfg.o
 .ARM.attributes
                0x000000cb       0x33 .\CortexM3\ARM_GCC_541\Debug\cymetadata.o
 .ARM.attributes
                0x000000fe       0x33 .\CortexM3\ARM_GCC_541\Debug\Cm3Start.o
 .ARM.attributes
                0x00000131       0x33 .\CortexM3\ARM_GCC_541\Debug\Timer sa resetiranjem nakon capture-a.a(Timer_1.o)
 .ARM.attributes
                0x00000164       0x33 .\CortexM3\ARM_GCC_541\Debug\Timer sa resetiranjem nakon capture-a.a(TimerISR.o)
 .ARM.attributes
                0x00000197       0x33 .\CortexM3\ARM_GCC_541\Debug\Timer sa resetiranjem nakon capture-a.a(USBUART.o)
 .ARM.attributes
                0x000001ca       0x33 .\CortexM3\ARM_GCC_541\Debug\Timer sa resetiranjem nakon capture-a.a(USBUART_cdc.o)
 .ARM.attributes
                0x000001fd       0x33 .\CortexM3\ARM_GCC_541\Debug\Timer sa resetiranjem nakon capture-a.a(USBUART_drv.o)
 .ARM.attributes
                0x00000230       0x33 .\CortexM3\ARM_GCC_541\Debug\Timer sa resetiranjem nakon capture-a.a(USBUART_episr.o)
 .ARM.attributes
                0x00000263       0x33 .\CortexM3\ARM_GCC_541\Debug\Timer sa resetiranjem nakon capture-a.a(USBUART_pm.o)
 .ARM.attributes
                0x00000296       0x33 .\CortexM3\ARM_GCC_541\Debug\Timer sa resetiranjem nakon capture-a.a(USBUART_std.o)
 .ARM.attributes
                0x000002c9       0x33 .\CortexM3\ARM_GCC_541\Debug\Timer sa resetiranjem nakon capture-a.a(USBUART_vnd.o)
 .ARM.attributes
                0x000002fc       0x33 .\CortexM3\ARM_GCC_541\Debug\Timer sa resetiranjem nakon capture-a.a(USBUART_Dp.o)
 .ARM.attributes
                0x0000032f       0x33 .\CortexM3\ARM_GCC_541\Debug\Timer sa resetiranjem nakon capture-a.a(CyLib.o)
 .ARM.attributes
                0x00000362       0x33 .\CortexM3\ARM_GCC_541\Debug\Timer sa resetiranjem nakon capture-a.a(cyPm.o)
 .ARM.attributes
                0x00000395       0x21 .\CortexM3\ARM_GCC_541\Debug\Timer sa resetiranjem nakon capture-a.a(CyBootAsmGnu.o)
 .ARM.attributes
                0x000003b6       0x33 .\CortexM3\ARM_GCC_541\Debug\Timer sa resetiranjem nakon capture-a.a(USBUART_cls.o)
 .ARM.attributes
                0x000003e9       0x33 .\CortexM3\ARM_GCC_541\Debug\Timer sa resetiranjem nakon capture-a.a(USBUART_descr.o)
 .ARM.attributes
                0x0000041c       0x33 .\CortexM3\ARM_GCC_541\Debug\Timer sa resetiranjem nakon capture-a.a(CyFlash.o)
 .ARM.attributes
                0x0000044f       0x33 .\CortexM3\ARM_GCC_541\Debug\Timer sa resetiranjem nakon capture-a.a(CySpc.o)
 .ARM.attributes
                0x00000482       0x2d c:/program files (x86)/cypress/psoc creator/4.2/psoc creator/import/gnu/arm/5.4.1/bin/../lib/gcc/arm-none-eabi/5.4.1/../../../../arm-none-eabi/lib/armv7-m\libg_nano.a(lib_a-errno.o)
 .ARM.attributes
                0x000004af       0x2d c:/program files (x86)/cypress/psoc creator/4.2/psoc creator/import/gnu/arm/5.4.1/bin/../lib/gcc/arm-none-eabi/5.4.1/../../../../arm-none-eabi/lib/armv7-m\libg_nano.a(lib_a-exit.o)
 .ARM.attributes
                0x000004dc       0x2d c:/program files (x86)/cypress/psoc creator/4.2/psoc creator/import/gnu/arm/5.4.1/bin/../lib/gcc/arm-none-eabi/5.4.1/../../../../arm-none-eabi/lib/armv7-m\libg_nano.a(lib_a-impure.o)
 .ARM.attributes
                0x00000509       0x2d c:/program files (x86)/cypress/psoc creator/4.2/psoc creator/import/gnu/arm/5.4.1/bin/../lib/gcc/arm-none-eabi/5.4.1/../../../../arm-none-eabi/lib/armv7-m\libg_nano.a(lib_a-init.o)
 .ARM.attributes
                0x00000536       0x2d c:/program files (x86)/cypress/psoc creator/4.2/psoc creator/import/gnu/arm/5.4.1/bin/../lib/gcc/arm-none-eabi/5.4.1/../../../../arm-none-eabi/lib/armv7-m\libg_nano.a(lib_a-memcpy-stub.o)
 .ARM.attributes
                0x00000563       0x2d c:/program files (x86)/cypress/psoc creator/4.2/psoc creator/import/gnu/arm/5.4.1/bin/../lib/gcc/arm-none-eabi/5.4.1/../../../../arm-none-eabi/lib/armv7-m\libg_nano.a(lib_a-memset.o)
 .ARM.attributes
                0x00000590       0x2d c:/program files (x86)/cypress/psoc creator/4.2/psoc creator/import/gnu/arm/5.4.1/bin/../lib/gcc/arm-none-eabi/5.4.1/../../../../arm-none-eabi/lib/armv7-m\libg_nano.a(lib_a-sprintf.o)
 .ARM.attributes
                0x000005bd       0x2d c:/program files (x86)/cypress/psoc creator/4.2/psoc creator/import/gnu/arm/5.4.1/bin/../lib/gcc/arm-none-eabi/5.4.1/../../../../arm-none-eabi/lib/armv7-m\libg_nano.a(lib_a-nano-svfprintf.o)
 .ARM.attributes
                0x000005ea       0x2d c:/program files (x86)/cypress/psoc creator/4.2/psoc creator/import/gnu/arm/5.4.1/bin/../lib/gcc/arm-none-eabi/5.4.1/../../../../arm-none-eabi/lib/armv7-m\libg_nano.a(lib_a-nano-vfprintf_i.o)
 .ARM.attributes
                0x00000617       0x2d c:/program files (x86)/cypress/psoc creator/4.2/psoc creator/import/gnu/arm/5.4.1/bin/../lib/gcc/arm-none-eabi/5.4.1/../../../../arm-none-eabi/lib/armv7-m\libg_nano.a(lib_a-memchr-stub.o)
 .ARM.attributes
                0x00000644       0x2d c:/program files (x86)/cypress/psoc creator/4.2/psoc creator/import/gnu/arm/5.4.1/bin/../lib/gcc/arm-none-eabi/5.4.1/../../../../arm-none-eabi/lib/armv7-m\libg_nano.a(lib_a-memmove.o)
 .ARM.attributes
                0x00000671       0x2d c:/program files (x86)/cypress/psoc creator/4.2/psoc creator/import/gnu/arm/5.4.1/bin/../lib/gcc/arm-none-eabi/5.4.1/../../../../arm-none-eabi/lib/armv7-m\libg_nano.a(lib_a-nano-freer.o)
 .ARM.attributes
                0x0000069e       0x2d c:/program files (x86)/cypress/psoc creator/4.2/psoc creator/import/gnu/arm/5.4.1/bin/../lib/gcc/arm-none-eabi/5.4.1/../../../../arm-none-eabi/lib/armv7-m\libg_nano.a(lib_a-nano-mallocr.o)
 .ARM.attributes
                0x000006cb       0x2d c:/program files (x86)/cypress/psoc creator/4.2/psoc creator/import/gnu/arm/5.4.1/bin/../lib/gcc/arm-none-eabi/5.4.1/../../../../arm-none-eabi/lib/armv7-m\libg_nano.a(lib_a-nano-reallocr.o)
 .ARM.attributes
                0x000006f8       0x2d c:/program files (x86)/cypress/psoc creator/4.2/psoc creator/import/gnu/arm/5.4.1/bin/../lib/gcc/arm-none-eabi/5.4.1/../../../../arm-none-eabi/lib/armv7-m\libg_nano.a(lib_a-sbrkr.o)
 .ARM.attributes
                0x00000725       0x2d c:/program files (x86)/cypress/psoc creator/4.2/psoc creator/import/gnu/arm/5.4.1/bin/../lib/gcc/arm-none-eabi/5.4.1/../../../../arm-none-eabi/lib/armv7-m\libg_nano.a(lib_a-mlock.o)
 .ARM.attributes
                0x00000752       0x2d c:/program files (x86)/cypress/psoc creator/4.2/psoc creator/import/gnu/arm/5.4.1/bin/../lib/gcc/arm-none-eabi/5.4.1/../../../../arm-none-eabi/lib/armv7-m\libg_nano.a(lib_a-nano-msizer.o)
 .ARM.attributes
                0x0000077f       0x2d c:/program files (x86)/cypress/psoc creator/4.2/psoc creator/import/gnu/arm/5.4.1/bin/../lib/gcc/arm-none-eabi/5.4.1/../../../../arm-none-eabi/lib/armv7-m\libg_nano.a(lib_a-reent.o)
 .ARM.attributes
                0x000007ac       0x2d c:/program files (x86)/cypress/psoc creator/4.2/psoc creator/import/gnu/arm/5.4.1/bin/../lib/gcc/arm-none-eabi/5.4.1/armv7-m/crtend.o
 .ARM.attributes
                0x000007d9       0x1d c:/program files (x86)/cypress/psoc creator/4.2/psoc creator/import/gnu/arm/5.4.1/bin/../lib/gcc/arm-none-eabi/5.4.1/armv7-m/crtn.o

/DISCARD/
 *(.note.GNU-stack)
OUTPUT(D:\FER\Predmeti\7. semestar\SEM1\Programi\Timer01\Timer sa resetiranjem nakon capture-a.cydsn\CortexM3\ARM_GCC_541\Debug\Timer sa resetiranjem nakon capture-a.elf elf32-littlearm)
